01-04 02:14:34.164  2197  8337 E ResourcesManager: failed to add asset path /data/app/com.omarflex5-UUzewaqI37VgMX6v7Y0Ngw==/base.apk
01-04 02:14:34.164  2197  8337 W PackageManager: Failure retrieving resources for com.omarflex5
01-04 02:14:34.167  5120  9336 I FA      : Application backgrounded at: timestamp_millis: 1767489272166
01-04 02:14:34.175  9338  9338 I m.aaqq  : (REDACTED) onViewAttachedToWindow self=%s, view=%s
01-04 02:14:34.178  2013  8492 D WindowManager: bstSendTopDisplayedOnFocusChange packageName : com.google.android.gms  activityName : com.google.android.gms.pay.main.PayActivity  mouseAction  :   lastSentMouseAction : 
01-04 02:14:34.179  1845  2046 D gralloc_default: gralloc_alloc: Creating ashmem region of size 8298496
01-04 02:14:34.185  1845  2046 I chatty  : uid=1000(system) Binder:1845_3 identical 1 line
01-04 02:14:34.192  1845  2046 D gralloc_default: gralloc_alloc: Creating ashmem region of size 8298496
01-04 02:14:34.203  9338  9385 E EGL_emulation: tid 9385: eglSurfaceAttrib(1726): error 0x3009 (EGL_BAD_MATCH)
01-04 02:14:34.203  9338  9385 W OpenGLRenderer: Failed to set EGL_SWAP_BEHAVIOR on surface 0x725a39745e00, error=EGL_BAD_MATCH
01-04 02:14:34.210  2013  8492 D InputMethodManagerService: packageName=com.google.android.gms, activityName=.pay.main.PayActivity
01-04 02:14:34.210  2013  8492 D InputMethodManagerService: curAttribute inputType=0, isPassword=false, ime_enabled=false
01-04 02:14:34.210  2013  8492 D InputMethodManagerService: ime_enabled = false is same as last value, no change
01-04 02:14:34.211  2013  2045 I HCALL   : hcallCommonCommandRpc(7, , )
01-04 02:14:34.211  2013  2045 I VMSG    : getHostBoundBuffer:94 called for hcal
01-04 02:14:34.211  2013  2045 I VMSG    : processRequest:104 called for hcal
01-04 02:14:34.212  9338  9385 D EGL_emulation: eglMakeCurrent: 0x725a0c948c00: ver 2 0 (tinfo 0x725a0c875420)
01-04 02:14:34.215  2013  2036 D ActivityManager: onWindowsDrawn: packageName = com.google.android.gms, name = com.google.android.gms.pay.main.PayActivity, mCallingPackage = com.bluestacks.filemanager
01-04 02:14:34.215  2013  2036 I ActivityManager: Displayed com.google.android.gms/.pay.main.PayActivity: +158ms (total +2s58ms)
01-04 02:14:34.215  2013  2045 I HCALL   : hcallCommonCommandRpc(5, , )
01-04 02:14:34.215  2013  2045 I VMSG    : getHostBoundBuffer:94 called for hcal
01-04 02:14:34.215  2013  2045 I VMSG    : processRequest:104 called for hcal
01-04 02:14:34.223  2758  2758 D BoundBrokerSvc: onBind: Intent { act=com.google.android.gms.audit.service.START dat=chimera-action: cmp=com.google.android.gms/.chimera.GmsBoundBrokerService }
01-04 02:14:34.223  2758  2758 D BoundBrokerSvc: Loading bound service for intent: Intent { act=com.google.android.gms.audit.service.START dat=chimera-action: cmp=com.google.android.gms/.chimera.GmsBoundBrokerService }
01-04 02:14:34.228  9338  9385 D EGL_emulation: eglMakeCurrent: 0x725a0c948c00: ver 2 0 (tinfo 0x725a0c875420)
01-04 02:14:34.238  2758  2758 D BoundBrokerSvc: onBind: Intent { act=com.google.android.gms.feedback.internal.IFeedbackService dat=chimera-action: cmp=com.google.android.gms/.chimera.GmsBoundBrokerService }
01-04 02:14:34.238  2758  2758 D BoundBrokerSvc: Loading bound service for intent: Intent { act=com.google.android.gms.feedback.internal.IFeedbackService dat=chimera-action: cmp=com.google.android.gms/.chimera.GmsBoundBrokerService }
01-04 02:14:34.241  2758  2758 D BoundBrokerSvc: onBind: Intent { act=com.google.android.gms.credential.manager.service.firstparty.START dat=chimera-action: cmp=com.google.android.gms/.chimera.GmsApiService }
01-04 02:14:34.243  2758  2758 D BoundBrokerSvc: Loading bound service for intent: Intent { act=com.google.android.gms.credential.manager.service.firstparty.START dat=chimera-action: cmp=com.google.android.gms/.chimera.GmsApiService }
01-04 02:14:34.262  2519  2548 I FontLog : (REDACTED) Received query %s, URI %s
01-04 02:14:34.263  2519  2548 I FontLog : (REDACTED) Query [%s] resolved to %s
01-04 02:14:34.264  2519  2548 I FontLog : (REDACTED) Font PFD returned from cache for %s
01-04 02:14:34.265  2519  2548 I FontLog : (REDACTED) Fetch %s end status %s
01-04 02:14:34.269  2519  2548 I FontLog : (REDACTED) Pulling font file for id = %d, cache size = %d
01-04 02:14:34.275  2519  2548 I FontLog : (REDACTED) Received query %s, URI %s
01-04 02:14:34.276  2519  2548 I FontLog : (REDACTED) Query [%s] resolved to %s
01-04 02:14:34.276  2519  2548 I FontLog : (REDACTED) Font PFD returned from cache for %s
01-04 02:14:34.276  2519  2548 I FontLog : (REDACTED) Fetch %s end status %s
01-04 02:14:34.281  2519  2548 I FontLog : (REDACTED) Pulling font file for id = %d, cache size = %d
01-04 02:14:34.288  2519  2548 I FontLog : (REDACTED) Received query %s, URI %s
01-04 02:14:34.288  2519  2548 I FontLog : (REDACTED) Query [%s] resolved to %s
01-04 02:14:34.290  2519  2548 I FontLog : (REDACTED) Font PFD returned from cache for %s
01-04 02:14:34.292  2519  2548 I FontLog : (REDACTED) Fetch %s end status %s
01-04 02:14:34.304  2519  4235 I FontLog : (REDACTED) Pulling font file for id = %d, cache size = %d
01-04 02:14:34.327  9338  9338 W Glide   : Failed to find GeneratedAppGlideModule. You should include an annotationProcessor compile dependency on com.github.bumptech.glide:compiler in your application and a @GlideModule annotated AppGlideModule implementation or LibraryGlideModules will be silently ignored
01-04 02:14:34.329  2519  2519 D BoundBrokerSvc: onBind: Intent { act=com.google.android.gms.auth.aang.events.services.START dat=chimera-action: cmp=com.google.android.gms/.chimera.PersistentApiService }
01-04 02:14:34.329  2519  2519 D BoundBrokerSvc: Loading bound service for intent: Intent { act=com.google.android.gms.auth.aang.events.services.START dat=chimera-action: cmp=com.google.android.gms/.chimera.PersistentApiService }
01-04 02:14:34.337  2013  8492 D ConnectivityService: requestNetwork for uid/pid:10004/9338 NetworkRequest [ TRACK_DEFAULT id=78, [ Capabilities: INTERNET&NOT_RESTRICTED&TRUSTED Unwanted:  Uid: 10004] ]
01-04 02:14:34.341  2013  2132 D WIFI_UT : got request NetworkRequest [ TRACK_DEFAULT id=78, [ Capabilities: INTERNET&NOT_RESTRICTED&TRUSTED Unwanted:  Uid: 10004] ] with score 70
01-04 02:14:34.342  2013  2159 D Ethernet: got request NetworkRequest [ TRACK_DEFAULT id=78, [ Capabilities: INTERNET&NOT_RESTRICTED&TRUSTED Unwanted:  Uid: 10004] ] with score 70
01-04 02:14:34.342  2013  2132 D WIFI    : got request NetworkRequest [ TRACK_DEFAULT id=78, [ Capabilities: INTERNET&NOT_RESTRICTED&TRUSTED Unwanted:  Uid: 10004] ] with score 70
01-04 02:14:34.344  2311  2311 D PhoneSwitcherNetworkRequstListener: got request NetworkRequest [ TRACK_DEFAULT id=78, [ Capabilities: INTERNET&NOT_RESTRICTED&TRUSTED Unwanted:  Uid: 10004] ] with score 70
01-04 02:14:34.354  2758  2758 D BoundBrokerSvc: onBind: Intent { act=com.google.android.gms.inappreach.service.START dat=chimera-action: cmp=com.google.android.gms/.chimera.GmsApiService }
01-04 02:14:34.354  2758  2758 D BoundBrokerSvc: Loading bound service for intent: Intent { act=com.google.android.gms.inappreach.service.START dat=chimera-action: cmp=com.google.android.gms/.chimera.GmsApiService }
01-04 02:14:34.364  9338  9338 I m.aaqq  : (REDACTED) onViewAttachedToWindow self=%s, view=%s
01-04 02:14:34.366  9338  9338 I m.aaqq  : (REDACTED) onViewAttachedToWindow self=%s, view=%s
01-04 02:14:34.366  9338  9338 I m.aaqq  : (REDACTED) setIsolated %s
01-04 02:14:34.367  9338  9338 I m.aaqq  : (REDACTED) onViewAttachedToWindow self=%s, view=%s
01-04 02:14:34.367  9338  9338 I m.aaqq  : (REDACTED) onViewAttachedToWindow self=%s, view=%s
01-04 02:14:34.372  2013  8492 D ActivityManager: Raise procstate to external provider: ProcessRecord{b5bc00 5120:com.bluestacks.filemanager/u0a40}
01-04 02:14:34.375  9338  9338 I Pay     : (REDACTED) Processing content from path: %s
01-04 02:14:34.376  1845  2992 W SurfaceFlinger: Attempting to set client state on removed layer: Splash Screen com.google.android.gms#0
01-04 02:14:34.376  1845  2992 W SurfaceFlinger: Attempting to destroy on removed layer: Splash Screen com.google.android.gms#0
01-04 02:14:34.379  2758  2758 D BoundBrokerSvc: onBind: Intent { act=com.google.android.gms.mdisync.service.START dat=chimera-action: cmp=com.google.android.gms/.chimera.GmsApiService }
01-04 02:14:34.379  2758  2758 D BoundBrokerSvc: Loading bound service for intent: Intent { act=com.google.android.gms.mdisync.service.START dat=chimera-action: cmp=com.google.android.gms/.chimera.GmsApiService }
01-04 02:14:34.380  9338  9338 E Pay     : Content handling failed! [CONTEXT service_id=198 ]
01-04 02:14:34.380  9338  9338 E Pay     : m.ssy: Not supported file: FaselHDProvider.cs3
01-04 02:14:34.380  9338  9338 E Pay     : 	at m.svi.af(:com.google.android.gms.optional_pay@241017049@24.10.17 (100800-0):677)
01-04 02:14:34.380  9338  9338 E Pay     : 	at m.dj.e(:com.google.android.gms.optional_pay@241017049@24.10.17 (100800-0):462)
01-04 02:14:34.380  9338  9338 E Pay     : 	at m.dz.a(:com.google.android.gms.optional_pay@241017049@24.10.17 (100800-0):11)
01-04 02:14:34.380  9338  9338 E Pay     : 	at m.ee.e(:com.google.android.gms.optional_pay@241017049@24.10.17 (100800-0):101)
01-04 02:14:34.380  9338  9338 E Pay     : 	at m.cz.av(:com.google.android.gms.optional_pay@241017049@24.10.17 (100800-0):2108)
01-04 02:14:34.380  9338  9338 E Pay     : 	at m.cz.ax(:com.google.android.gms.optional_pay@241017049@24.10.17 (100800-0):83)
01-04 02:14:34.380  9338  9338 E Pay     : 	at m.cz.ao(:com.google.android.gms.optional_pay@241017049@24.10.17 (100800-0):71)
01-04 02:14:34.380  9338  9338 E Pay     : 	at m.cl.run(:com.google.android.gms.optional_pay@241017049@24.10.17 (100800-0):4)
01-04 02:14:34.380  9338  9338 E Pay     : 	at android.os.Handler.handleCallback(Handler.java:873)
01-04 02:14:34.380  9338  9338 E Pay     : 	at android.os.Handler.dispatchMessage(Handler.java:99)
01-04 02:14:34.380  9338  9338 E Pay     : 	at m.jyg.dispatchMessage(:com.google.android.gms.optional_pay@241017049@24.10.17 (100800-0):143)
01-04 02:14:34.380  9338  9338 E Pay     : 	at android.os.Looper.loop(Looper.java:193)
01-04 02:14:34.380  9338  9338 E Pay     : 	at android.app.ActivityThread.main(ActivityThread.java:6846)
01-04 02:14:34.380  9338  9338 E Pay     : 	at java.lang.reflect.Method.invoke(Native Method)
01-04 02:14:34.380  9338  9338 E Pay     : 	at com.android.internal.os.RuntimeInit$MethodAndArgsCaller.run(RuntimeInit.java:518)
01-04 02:14:34.380  9338  9338 E Pay     : 	at com.android.internal.os.ZygoteInit.main(ZygoteInit.java:858)
01-04 02:14:34.380  9338  9338 I Pay     : Showing error dialog/layout [CONTEXT service_id=198 ]
01-04 02:14:34.400  9338  9390 W acfr    : Disc account not the same as selected account. Disc account null
01-04 02:14:34.419  2519  2738 I FontLog : (REDACTED) Received query %s, URI %s
01-04 02:14:34.420  2519  2738 I FontLog : (REDACTED) Query [%s] resolved to %s
01-04 02:14:34.420  2519  2738 I FontLog : (REDACTED) Font PFD returned from cache for %s
01-04 02:14:34.420  2519  2738 I FontLog : (REDACTED) Fetch %s end status %s
01-04 02:14:34.421  2519  2545 I FontLog : (REDACTED) Pulling font file for id = %d, cache size = %d
01-04 02:14:34.426  2519  2548 I FontLog : (REDACTED) Received query %s, URI %s
01-04 02:14:34.428  2519  2548 I FontLog : (REDACTED) Query [%s] resolved to %s
01-04 02:14:34.429  2519  2548 I FontLog : (REDACTED) Font PFD returned from cache for %s
01-04 02:14:34.430  2519  2548 I FontLog : (REDACTED) Fetch %s end status %s
01-04 02:14:34.432  2519  2545 I FontLog : (REDACTED) Pulling font file for id = %d, cache size = %d
01-04 02:14:34.446  2013  5052 D WindowManager: bstSendTopDisplayedOnFocusChange packageName : com.google.android.gms  activityName : com.google.android.gms.pay.main.PayActivity  mouseAction  :   lastSentMouseAction : 
01-04 02:14:34.450  9338  9385 D EGL_emulation: eglMakeCurrent: 0x725a0c948c00: ver 2 0 (tinfo 0x725a0c875420)
01-04 02:14:34.491  1845  2445 W SurfaceFlinger: Attempting to set client state on removed layer: com.google.android.gms/com.google.android.gms.pay.deeplink.AliasSavePkPassActivity#0
01-04 02:14:34.491  1845  2445 W SurfaceFlinger: Attempting to destroy on removed layer: com.google.android.gms/com.google.android.gms.pay.deeplink.AliasSavePkPassActivity#0
01-04 02:14:34.511  9338  9385 D EGL_emulation: eglMakeCurrent: 0x725a0c948c00: ver 2 0 (tinfo 0x725a0c875420)
01-04 02:14:34.521  1845  1845 D SurfaceFlinger: duplicate layer name: changing com.google.android.gms/com.google.android.gms.pay.main.PayActivity to com.google.android.gms/com.google.android.gms.pay.main.PayActivity#1
01-04 02:14:34.526  1845  2445 D gralloc_default: gralloc_alloc: Creating ashmem region of size 1716224
01-04 02:14:34.529  1845  2445 I chatty  : uid=1000(system) Binder:1845_4 identical 1 line
01-04 02:14:34.531  1845  2445 D gralloc_default: gralloc_alloc: Creating ashmem region of size 1716224
01-04 02:14:34.538  9338  9338 I m.aaqq  : (REDACTED) onViewDetachedToWindow self=%s, view=%s
01-04 02:14:34.538  9338  9385 E EGL_emulation: tid 9385: eglSurfaceAttrib(1726): error 0x3009 (EGL_BAD_MATCH)
01-04 02:14:34.538  9338  9385 W OpenGLRenderer: Failed to set EGL_SWAP_BEHAVIOR on surface 0x725a07694d80, error=EGL_BAD_MATCH
01-04 02:14:34.540  9338  9338 I m.aaqq  : (REDACTED) onViewDetachedToWindow self=%s, view=%s
01-04 02:14:34.541  9338  9338 I m.aaqq  : (REDACTED) onViewDetachedToWindow self=%s, view=%s
01-04 02:14:34.541  2758  2775 I MdiSyncModule: (REDACTED) Receiving API connection from package '%s'...
01-04 02:14:34.542  9338  9338 I m.aaqq  : (REDACTED) onViewAttachedToWindow self=%s, view=%s
01-04 02:14:34.542  9338  9338 I m.aaqq  : (REDACTED) setIsolated %s
01-04 02:14:34.542  9338  9338 I m.aaqq  : (REDACTED) onViewAttachedToWindow self=%s, view=%s
01-04 02:14:34.543  9338  9338 I m.aaqq  : (REDACTED) onViewAttachedToWindow self=%s, view=%s
01-04 02:14:34.543  2758  2775 I MdiSyncModule: API connection successful!
01-04 02:14:34.544  9338  9338 I m.aaqq  : (REDACTED) onViewDetachedToWindow self=%s, view=%s
01-04 02:14:34.545  9338  9338 I m.aaqq  : (REDACTED) onViewAttachedToWindow self=%s, view=%s
01-04 02:14:34.547  9338  9338 I m.aaqq  : (REDACTED) onViewDetachedToWindow self=%s, view=%s
01-04 02:14:34.547  9338  9338 I m.aaqq  : (REDACTED) onViewAttachedToWindow self=%s, view=%s
01-04 02:14:34.553  9338  9385 D EGL_emulation: eglMakeCurrent: 0x725a0c948c00: ver 2 0 (tinfo 0x725a0c875420)
01-04 02:14:34.576  9338  9385 I chatty  : uid=10004(com.google.android.gms) RenderThread identical 3 lines
01-04 02:14:35.876  9338  9385 D EGL_emulation: eglMakeCurrent: 0x725a0c948c00: ver 2 0 (tinfo 0x725a0c875420)
01-04 02:14:35.879  9338  9338 I Pay     : Finishing the activity. [CONTEXT service_id=198 ]
01-04 02:14:35.880  1830  4201 I audio_hw_primary: choose pcmC0D0p for 0
01-04 02:14:35.883  9338  9385 D EGL_emulation: eglMakeCurrent: 0x725a0c948c00: ver 2 0 (tinfo 0x725a0c875420)
01-04 02:14:35.884  9338  9385 D OpenGLRenderer: endAllActiveAnimators on 0x725a077a3300 (RippleDrawable) with handle 0x725a077de0e0
01-04 02:14:35.891  2013  2025 D ActivityManager: TopActivityInfo, pkgName: com.bluestacks.filemanager activityName: com.bluestacks.filemanager/.MainActivity callingPackage:   bstSpecialAppKeyboardHandlingEnabled = false
01-04 02:14:35.907  1845  2445 E SurfaceFlinger: size mismatch (1080, 1920) > (1920, 1080)
01-04 02:14:35.907  1845  2445 D gralloc_default: gralloc_alloc: Creating ashmem region of size 8298496
01-04 02:14:35.922  2013  2025 D WindowManager: mHasNavigationBar: false
01-04 02:14:35.924  2013  2025 I ActivityManager: Config changes=20000480 {1.0 262mcc1mnc [en_US] ldltr sw720dp w1280dp h696dp 240dpi xlrg long land finger -keyb/v/h -nav/h winConfig={ mBounds=Rect(0, 0 - 1920, 1080) mAppBounds=Rect(0, 0 - 1920, 1080) mWindowingMode=fullscreen mActivityType=undefined} s.14}
01-04 02:14:35.925  2013  2025 I ActivityManager: Override config changes=20000480 {1.0 262mcc1mnc [en_US] ldltr sw720dp w1280dp h696dp 240dpi xlrg long land finger -keyb/v/h -nav/h winConfig={ mBounds=Rect(0, 0 - 1920, 1080) mAppBounds=Rect(0, 0 - 1920, 1080) mWindowingMode=fullscreen mActivityType=undefined} s.14} for displayId=0
01-04 02:14:35.925  2013  2025 D WindowManager: mHasNavigationBar: false
01-04 02:14:35.927  2013  2025 D WindowManager: mHasNavigationBar: false
01-04 02:14:35.942  1842  1988 D AudioFlinger: mixer(0xe7883f80) throttle end: throttle time(30)
01-04 02:14:35.950  2013  3248 W ActivityManager: Receiver with filter android.content.IntentFilter@faaed58 already registered for pid 5120, callerPackage is com.bluestacks.filemanager
01-04 02:14:35.950  2013  2115 I InputReader: Reconfiguring input devices.  changes=0x00000004
01-04 02:14:35.950  2013  2115 I InputReader: Device reconfigured: id=4, name='BlueStacks Virtual Touch', size 1920x1080, orientation 0, mode 1, display id 0
01-04 02:14:35.950  2013  2184 W ActivityManager: Receiver with filter android.content.IntentFilter@a280eb1 already registered for pid 5120, callerPackage is com.bluestacks.filemanager
01-04 02:14:35.952  1845  1845 D DisplayDevice: Open /dev/tty0 OK
01-04 02:14:35.965  2013  2184 D WindowManager: calling BstHostCallManagerService onActivityDisplayed method, packageName: com.bluestacks.filemanager, activityName: com.bluestacks.filemanager.MainActivity
01-04 02:14:35.965  2013  2045 I HCALL   : hcallOnActivityDisplayedRpc(com.bluestacks.filemanager, com.bluestacks.filemanager.MainActivity, com.google.android.gms)
01-04 02:14:35.965  2013  2045 I VMSG    : getHostBoundBuffer:94 called for hcal
01-04 02:14:35.965  2013  2045 I VMSG    : processRequest:104 called for hcal
01-04 02:14:35.965  2013  2184 D WindowManager: BstHostCallManagerService onActivityDisplayed method returned: 0
01-04 02:14:35.966  2013  2184 D WindowManager: calling BstHostCallManagerService setAppConfigDbParams method, packageName: com.bluestacks.filemanager, macrosDisabled: false, showFeedbackPopup: false, mouseCursorStyle: default, nativeGamepad: false
01-04 02:14:35.966  2013  2045 I HCALL   : hcallSetAppConfigDbParamsRpc(com.bluestacks.filemanager, 0, 0, default, 0)
01-04 02:14:35.966  2013  2045 I VMSG    : getHostBoundBuffer:94 called for hcal
01-04 02:14:35.966  2013  2045 I VMSG    : processRequest:104 called for hcal
01-04 02:14:35.966  2013  2184 D WindowManager: BstHostCallManagerService setAppConfigDbParams method returned: 0
01-04 02:14:35.966  2013  2184 D WindowManager: bstSendTopDisplayedOnFocusChange packageName : com.bluestacks.filemanager  activityName : com.bluestacks.filemanager.MainActivity  mouseAction  :   lastSentMouseAction : 
01-04 02:14:35.966  2292  2375 I VMSG    : processRequest:104 called for gcal
01-04 02:14:35.966  2292  2378 E BstGCallService-JNI: gcallCommonCommandClbk called: code=1, name=com.bluestacks.filemanager, data=
01-04 02:14:35.967  1845  2992 D gralloc_default: gralloc_alloc: Creating ashmem region of size 8298496
01-04 02:14:35.968  9203  9203 D GeckoScreenOrientation: updating to new orientation LANDSCAPE_PRIMARY
01-04 02:14:35.972  2292  2292 D BstCommandProcessor-Application: onConfigurationChanged called
01-04 02:14:35.974  1845  2992 D gralloc_default: gralloc_alloc: Creating ashmem region of size 8298496
01-04 02:14:35.974  2013  2036 W WindowManager: App freeze timeout expired.
01-04 02:14:35.981  1845  2992 D gralloc_default: gralloc_alloc: Creating ashmem region of size 8298496
01-04 02:14:35.985  2197  2197 D StatusBar: disable<e i a s b h r c s > disable2<q i n >
01-04 02:14:35.997  5120  5171 E EGL_emulation: tid 5171: eglSurfaceAttrib(1726): error 0x3009 (EGL_BAD_MATCH)
01-04 02:14:35.997  5120  5171 W OpenGLRenderer: Failed to set EGL_SWAP_BEHAVIOR on surface 0x725a0fe52e80, error=EGL_BAD_MATCH
01-04 02:14:36.008  2013  2025 D InputMethodManagerService: packageName=com.bluestacks.filemanager, activityName=.MainActivity
01-04 02:14:36.008  2013  2045 I HCALL   : hcallCommonCommandRpc(7, , )
01-04 02:14:36.008  2013  2025 D InputMethodManagerService: curAttribute inputType=0, isPassword=false, ime_enabled=false
01-04 02:14:36.008  2013  2045 I VMSG    : getHostBoundBuffer:94 called for hcal
01-04 02:14:36.008  2013  2045 I VMSG    : processRequest:104 called for hcal
01-04 02:14:36.008  2013  2025 D InputMethodManagerService: ime_enabled = false is same as last value, no change
01-04 02:14:36.018  5120  5120 E RecyclerView: No adapter attached; skipping layout
01-04 02:14:36.021  5120  5171 D EGL_emulation: eglMakeCurrent: 0x725a12ee1000: ver 3 2 (tinfo 0x725a12eaeec0)
01-04 02:14:36.031  2197  2487 D EGL_emulation: eglMakeCurrent: 0x725a2fdaf400: ver 3 2 (tinfo 0x725a2fc65080)
01-04 02:14:36.032  1845  1965 W SurfaceFlinger: Attempting to set client state on removed layer: com.google.android.gms/com.google.android.gms.pay.main.PayActivity#1
01-04 02:14:36.032  1845  1965 W SurfaceFlinger: Attempting to destroy on removed layer: com.google.android.gms/com.google.android.gms.pay.main.PayActivity#1
01-04 02:14:36.034  1845  2992 D gralloc_default: gralloc_alloc: Creating ashmem region of size 278528
01-04 02:14:36.035  2013  2036 D ActivityManager: onWindowsDrawn: packageName = com.bluestacks.filemanager, name = com.bluestacks.filemanager.MainActivity, mCallingPackage = com.uncube.launcher3
01-04 02:14:36.035  2013  2045 I HCALL   : hcallCommonCommandRpc(5, , )
01-04 02:14:36.035  2013  2045 I VMSG    : getHostBoundBuffer:94 called for hcal
01-04 02:14:36.035  2013  2045 I VMSG    : processRequest:104 called for hcal
01-04 02:14:36.044  2197  2557 W ziparchive: Unable to open '/data/app/com.omarflex5-UUzewaqI37VgMX6v7Y0Ngw==/base.apk': No such file or directory
01-04 02:14:36.044  2197  2557 E ndroid.systemu: Failed to open APK '/data/app/com.omarflex5-UUzewaqI37VgMX6v7Y0Ngw==/base.apk' I/O error
01-04 02:14:36.044  2197  2557 E ResourcesManager: failed to add asset path /data/app/com.omarflex5-UUzewaqI37VgMX6v7Y0Ngw==/base.apk
01-04 02:14:36.044  2197  2557 W PackageManager: Failure retrieving resources for com.omarflex5
01-04 02:14:36.044  2197  2557 W ziparchive: Unable to open '/data/app/com.omarflex5-UUzewaqI37VgMX6v7Y0Ngw==/base.apk': No such file or directory
01-04 02:14:36.044  2197  2557 E ndroid.systemu: Failed to open APK '/data/app/com.omarflex5-UUzewaqI37VgMX6v7Y0Ngw==/base.apk' I/O error
01-04 02:14:36.044  2197  2557 E ResourcesManager: failed to add asset path /data/app/com.omarflex5-UUzewaqI37VgMX6v7Y0Ngw==/base.apk
01-04 02:14:36.044  2197  2557 W PackageManager: Failure retrieving resources for com.omarflex5
01-04 02:14:36.050  2197  2487 E EGL_emulation: tid 2487: eglSurfaceAttrib(1726): error 0x3009 (EGL_BAD_MATCH)
01-04 02:14:36.050  2197  2487 W OpenGLRenderer: Failed to set EGL_SWAP_BEHAVIOR on surface 0x725a2fde0200, error=EGL_BAD_MATCH
01-04 02:14:36.050  9338  9385 D EGL_emulation: eglMakeCurrent: 0x725a0c948c00: ver 2 0 (tinfo 0x725a0c875420)
01-04 02:14:36.051  2197  2487 D EGL_emulation: eglMakeCurrent: 0x725a2fdaf400: ver 3 2 (tinfo 0x725a2fc65080)
01-04 02:14:36.052  1845  2046 D gralloc_default: gralloc_alloc: Creating ashmem region of size 278528
01-04 02:14:36.055  2013  2281 E BitmapFactory: Unable to decode stream: java.io.FileNotFoundException: /data/system_ce/0/recent_images/114_activity_icon_1767489273981.png (No such file or directory)
01-04 02:14:36.056  5120  5171 D EGL_emulation: eglMakeCurrent: 0x725a12ee1000: ver 3 2 (tinfo 0x725a12eaeec0)
01-04 02:14:36.056  1845  1963 D gralloc_default: gralloc_alloc: Creating ashmem region of size 8298496
01-04 02:14:36.064  1845  1963 W SurfaceFlinger: Attempting to destroy on removed layer: 84da769 AssistPreviewPanel#0
01-04 02:14:36.065  1845  1963 W SurfaceFlinger: Attempting to destroy on removed layer: b4a02fa DockedStackDivider#0
01-04 02:14:36.072  5120  5171 E EGL_emulation: tid 5171: eglSurfaceAttrib(1726): error 0x3009 (EGL_BAD_MATCH)
01-04 02:14:36.072  5120  5171 W OpenGLRenderer: Failed to set EGL_SWAP_BEHAVIOR on surface 0x725a0fe52e80, error=EGL_BAD_MATCH
01-04 02:14:36.073  1845  1963 D gralloc_default: gralloc_alloc: Creating ashmem region of size 278528
01-04 02:14:36.074  5120  5171 D EGL_emulation: eglMakeCurrent: 0x725a12ee1000: ver 3 2 (tinfo 0x725a12eaeec0)
01-04 02:14:36.074  2013  2080 I WindowManager: Screen frozen for +180ms due to Window{80526ca u0 StatusBar}
01-04 02:14:36.076  1845  2992 D gralloc_default: gralloc_alloc: Creating ashmem region of size 8298496
01-04 02:14:36.091  1845  1963 W SurfaceFlinger: Attempting to set client state on removed layer: Dim Layer for - Task=114#0
01-04 02:14:36.091  1845  1963 W SurfaceFlinger: Attempting to destroy on removed layer: Dim Layer for - Task=114#0
01-04 02:14:36.112  1845  2992 D gralloc_default: gralloc_alloc: Creating ashmem region of size 8298496
01-04 02:14:36.177  9338  9338 I m.aaqq  : (REDACTED) onViewDetachedToWindow self=%s, view=%s
01-04 02:14:36.178  9338  9338 I chatty  : uid=10004 com.google.android.gms.ui identical 3 lines
01-04 02:14:36.179  9338  9338 I m.aaqq  : (REDACTED) onViewDetachedToWindow self=%s, view=%s
01-04 02:14:36.182  1845  2046 W SurfaceFlinger: Attempting to destroy on removed layer: AppWindowToken{cd3ea67 token=Token{aaeae26 ActivityRecord{ab53d81 u0 com.google.android.gms/.pay.main.PayActivity t114}}}#0
01-04 02:14:36.507  2013  2080 D WindowManager: sendOrientationToHostAsync: calling BstHostCallManagerService onOrientationChange method, orientation: 0
01-04 02:14:36.508  2013  2045 I HCALL   : hcallOnOrientationChangedRpc(0)
01-04 02:14:36.508  2013  2045 I VMSG    : getHostBoundBuffer:94 called for hcal
01-04 02:14:36.508  2013  2045 I VMSG    : processRequest:104 called for hcal
01-04 02:14:36.508  2013  2080 D WindowManager: sendOrientationToHostAsync: BstHostCallManagerService onOrientationChange method returned: 0
01-04 02:14:38.130  2013  2036 I system_server: Explicit concurrent copying GC freed 64889(3MB) AllocSpace objects, 34(1000KB) LOS objects, 42% free, 10MB/17MB, paused 37us total 38.528ms
01-04 02:14:38.484  2197  2197 V StatusBar: mStatusBarWindow: com.android.systemui.statusbar.phone.StatusBarWindowView{4c61ef8 V.ED..... ........ 0,0-1920,36} canPanelBeCollapsed(): false
01-04 02:14:38.485  2013  2034 D AutofillManagerService: Close system dialogs
01-04 02:14:38.486  2013  2114 I ActivityManager: START u0 {act=android.intent.action.MAIN cat=[android.intent.category.HOME] flg=0x10200000 cmp=com.uncube.launcher3/com.bluestacks.launcher.activity.HomeActivity (has extras)} from uid 1000
01-04 02:14:38.486  2013  2114 D ActivityManager: TopActivityInfo, pkgName: com.uncube.launcher3 activityName: com.bluestacks.launcher.activity.HomeActivity callingPackage: android  bstSpecialAppKeyboardHandlingEnabled = false
01-04 02:14:38.496  2013  2025 D ActivityManager: TopActivityInfo, pkgName: com.uncube.launcher3 activityName: com.uncube.launcher3/com.bluestacks.launcher.activity.HomeActivity callingPackage:   bstSpecialAppKeyboardHandlingEnabled = false
01-04 02:14:38.553  2701  2839 D SessionLifecycleClient: Sending lifecycle 1 to service
01-04 02:14:38.554  2701  2995 D SessionLifecycleService: Activity foregrounding at 5920364.
01-04 02:14:38.557  2519  2519 D BoundBrokerSvc: onUnbind: Intent { act=com.google.android.gms.presencemanager.service.START dat=chimera-action: cmp=com.google.android.gms/.chimera.PersistentApiService }
01-04 02:14:38.558  2701  2842 D SessionLifecycleClient: Sending lifecycle 2 to service
01-04 02:14:38.558  2701  2995 D SessionLifecycleService: Activity backgrounding at 5920368
01-04 02:14:38.563  2519  2519 D BoundBrokerSvc: onUnbind: Intent { act=com.google.android.gms.presencemanager.service.INTERNAL_IDENTITY dat=chimera-action: cmp=com.google.android.gms/.chimera.PersistentApiService }
01-04 02:14:38.601  2197  2557 W ziparchive: Unable to open '/data/app/com.omarflex5-UUzewaqI37VgMX6v7Y0Ngw==/base.apk': No such file or directory
01-04 02:14:38.601  2197  2557 E ndroid.systemu: Failed to open APK '/data/app/com.omarflex5-UUzewaqI37VgMX6v7Y0Ngw==/base.apk' I/O error
01-04 02:14:38.601  2197  2557 E ResourcesManager: failed to add asset path /data/app/com.omarflex5-UUzewaqI37VgMX6v7Y0Ngw==/base.apk
01-04 02:14:38.601  2197  2557 W PackageManager: Failure retrieving resources for com.omarflex5
01-04 02:14:38.601  2197  2557 W ziparchive: Unable to open '/data/app/com.omarflex5-UUzewaqI37VgMX6v7Y0Ngw==/base.apk': No such file or directory
01-04 02:14:38.601  2197  2557 E ndroid.systemu: Failed to open APK '/data/app/com.omarflex5-UUzewaqI37VgMX6v7Y0Ngw==/base.apk' I/O error
01-04 02:14:38.601  2197  2557 E ResourcesManager: failed to add asset path /data/app/com.omarflex5-UUzewaqI37VgMX6v7Y0Ngw==/base.apk
01-04 02:14:38.601  2197  2557 W PackageManager: Failure retrieving resources for com.omarflex5
01-04 02:14:38.641  2701  2701 I AdViewModel: isAdsEnabledDueToDisplayConstraints: width = 1920, height = 1080
01-04 02:14:38.642  2701  9404 W ncube.launcher: Unknown chunk type '200'.
01-04 02:14:38.661  2701  2701 I NotificationQueryVM: observeNotifications() called with: queries = [[NotificationQuery{targetType='guid', operator='array-contains', targetValue='c09303e0-87c8-496c-bda8-6f269f4a023e'}]]
01-04 02:14:38.663  2701  2701 I NotificationQueryVM: observeNotifications: commonFilters = [[com.google.firebase.firestore.k$b@8b60ffad, com.google.firebase.firestore.k$b@ff272cd0]]
01-04 02:14:38.663  2701  2701 I NotificationQueryVM: processing NotificationQuery{targetType='guid', operator='array-contains', targetValue='c09303e0-87c8-496c-bda8-6f269f4a023e'}
01-04 02:14:38.663  2701  2701 I NotificationQueryVM: observeNotifications: query = [NotificationQuery{targetType='guid', operator='array-contains', targetValue='c09303e0-87c8-496c-bda8-6f269f4a023e'}]
01-04 02:14:38.677  2701  2823 D SessionLifecycleClient: Sending lifecycle 1 to service
01-04 02:14:38.677  2701  2995 D SessionLifecycleService: Activity foregrounding at 5920487.
01-04 02:14:38.687  2013  2025 D WindowManager: calling BstHostCallManagerService onActivityDisplayed method, packageName: com.uncube.launcher3, activityName: com.bluestacks.launcher.activity.HomeActivity
01-04 02:14:38.688  2013  2025 D WindowManager: BstHostCallManagerService onActivityDisplayed method returned: 0
01-04 02:14:38.688  2013  2045 I HCALL   : hcallOnActivityDisplayedRpc(com.uncube.launcher3, com.bluestacks.launcher.activity.HomeActivity, android)
01-04 02:14:38.688  2013  2045 I VMSG    : getHostBoundBuffer:94 called for hcal
01-04 02:14:38.688  2013  2045 I VMSG    : processRequest:104 called for hcal
01-04 02:14:38.689  2292  2375 I VMSG    : processRequest:104 called for gcal
01-04 02:14:38.689  2292  2378 E BstGCallService-JNI: gcallCommonCommandClbk called: code=1, name=com.uncube.launcher3, data=
01-04 02:14:38.689  2013  2025 D WindowManager: calling BstHostCallManagerService setAppConfigDbParams method, packageName: com.uncube.launcher3, macrosDisabled: false, showFeedbackPopup: false, mouseCursorStyle: , nativeGamepad: false
01-04 02:14:38.689  2013  2045 I HCALL   : hcallSetAppConfigDbParamsRpc(com.uncube.launcher3, 0, 0, , 0)
01-04 02:14:38.689  2013  2045 I VMSG    : getHostBoundBuffer:94 called for hcal
01-04 02:14:38.689  2013  2045 I VMSG    : processRequest:104 called for hcal
01-04 02:14:38.689  2013  2025 D WindowManager: BstHostCallManagerService setAppConfigDbParams method returned: 0
01-04 02:14:38.690  2013  2025 D WindowManager: bstSendTopDisplayedOnFocusChange packageName : com.uncube.launcher3  activityName : com.bluestacks.launcher.activity.HomeActivity  mouseAction  :   lastSentMouseAction : 
01-04 02:14:38.691  1845  2992 D gralloc_default: gralloc_alloc: Creating ashmem region of size 8298496
01-04 02:14:38.698  1845  2992 I chatty  : uid=1000(system) Binder:1845_5 identical 1 line
01-04 02:14:38.704  1845  2992 D gralloc_default: gralloc_alloc: Creating ashmem region of size 8298496
01-04 02:14:38.715  2701  2701 D Glide   : Finished loading BitmapDrawable from RESOURCE_DISK_CACHE for https://cloud.bluestacks.com/app/icon?pkg=com.woc.now&use_cdn=true with size [-2147483648x-2147483648] in 83.899265 ms
01-04 02:14:38.717  2701  2959 E EGL_emulation: tid 2959: eglSurfaceAttrib(1726): error 0x3009 (EGL_BAD_MATCH)
01-04 02:14:38.717  2701  2959 W OpenGLRenderer: Failed to set EGL_SWAP_BEHAVIOR on surface 0x725a0f27cb80, error=EGL_BAD_MATCH
01-04 02:14:38.721  2701  2701 D Glide   : Finished loading BitmapDrawable from RESOURCE_DISK_CACHE for https://cloud.bluestacks.com/app/icon?pkg=com.oxiwyle.modernage2&use_cdn=true with size [-2147483648x-2147483648] in 88.647661 ms
01-04 02:14:38.725  2701  2701 D Glide   : Finished loading BitmapDrawable from RESOURCE_DISK_CACHE for https://cloud.bluestacks.com/app/icon?pkg=com.plarium.raidlegends&use_cdn=true with size [-2147483648x-2147483648] in 92.20808199999999 ms
01-04 02:14:38.727  2701  2959 D EGL_emulation: eglMakeCurrent: 0x725a12169600: ver 3 2 (tinfo 0x725a1212bc00)
01-04 02:14:38.741  1845  1965 D gralloc_default: gralloc_alloc: Creating ashmem region of size 8298496
01-04 02:14:38.763  2013  2025 D InputMethodManagerService: packageName=com.uncube.launcher3, activityName=com.bluestacks.launcher.activity.HomeActivity
01-04 02:14:38.763  2013  2025 D InputMethodManagerService: curAttribute inputType=0, isPassword=false, ime_enabled=false
01-04 02:14:38.763  2013  2045 I HCALL   : hcallCommonCommandRpc(7, , )
01-04 02:14:38.763  2013  2045 I VMSG    : getHostBoundBuffer:94 called for hcal
01-04 02:14:38.763  2013  2045 I VMSG    : processRequest:104 called for hcal
01-04 02:14:38.763  2013  2025 D InputMethodManagerService: ime_enabled = false is same as last value, no change
01-04 02:14:38.764  2013  2036 D ActivityManager: onWindowsDrawn: packageName = com.uncube.launcher3, name = com.bluestacks.launcher.activity.HomeActivity, mCallingPackage = android
01-04 02:14:38.764  2013  2045 I HCALL   : hcallCommonCommandRpc(5, , )
01-04 02:14:38.764  2013  2045 I VMSG    : getHostBoundBuffer:94 called for hcal
01-04 02:14:38.764  2013  2045 I VMSG    : processRequest:104 called for hcal
01-04 02:14:38.848  2701  2701 I NotificationQueryVM: addSnapshotListener:  with value = [com.google.firebase.firestore.i0@3dbec5d2], error = [null]
01-04 02:14:38.935  2701  2701 D Glide   : Finished loading BitmapDrawable from REMOTE for https://cloud-api-cdn.bluestacks.com/app/icon?pkg=com.funplus.ts.global&w=150&use_cdn=true with size [-2147483648x-2147483648] in 301.985091 ms
01-04 02:14:38.942  2701  2701 D Glide   : Finished loading BitmapDrawable from REMOTE for https://cloud-api-cdn.bluestacks.com/app/icon?pkg=com.diandian.gog&w=150&use_cdn=true with size [-2147483648x-2147483648] in 309.569114 ms
01-04 02:14:38.978  2701  2701 D Glide   : Finished loading BitmapDrawable from REMOTE for https://cloud-api-cdn.bluestacks.com/app/icon?pkg=dk.tactile.lilysgarden.bluestack&w=150&use_cdn=true with size [-2147483648x-2147483648] in 345.171404 ms
01-04 02:14:38.986  5120  5171 D EGL_emulation: eglMakeCurrent: 0x725a12ee1000: ver 3 2 (tinfo 0x725a12eaeec0)
01-04 02:14:39.209  2013  3512 D HostConnection: createUnique: call
01-04 02:14:39.209  2013  3512 I AGA     : hstInit: opened /dev/bstpgaipc: fd = 170
01-04 02:14:39.209  2013  3512 I AGA     : Attempting to create new SOCKET connection pid = 2013, tid = 3512
01-04 02:14:39.210  2013  3512 I AGA     : hstInitClientPgaIpc: data mapped to 0x725a33ebe000 with size 262144
01-04 02:14:39.210  2013  3512 I AGA     : New SOCKET connection: system_server (pid 2013, tid 3512) 0
01-04 02:14:39.212  2013  3512 D HostConnection: HostComposition ext ANDROID_EMU_vulkan ANDROID_EMU_deferred_vulkan_commands ANDROID_EMU_vulkan_create_resources_with_requirements ANDROID_EMU_vulkan_shader_float16_int8 ANDROID_EMU_vulkan_async_queue_submit ANDROID_EMU_vulkan_queue_submit_with_commands ANDROID_EMU_vulkan_batched_descriptor_set_update ANDROID_EMU_vulkan_enabled ANDROID_EMU_vulkan_initialized GL_OES_EGL_image_external_essl3 GL_OES_vertex_array_object GL_KHR_texture_compression_astc_ldr ANDROID_EMU_gles_max_version_3_2 
01-04 02:14:39.213  2013  3512 I ConfigStore: android::hardware::configstore::V1_0::ISurfaceFlingerConfigs::hasWideColorDisplay retrieved: 0
01-04 02:14:39.213  2013  3512 I ConfigStore: android::hardware::configstore::V1_0::ISurfaceFlingerConfigs::hasHDRDisplay retrieved: 0
01-04 02:14:39.213  2013  3512 I OpenGLRenderer: Initialized EGL, version 1.4
01-04 02:14:39.213  2013  3512 D OpenGLRenderer: Swap behavior 1
01-04 02:14:39.243  2013  3512 D EGL_emulation: eglCreateContext: 0x725a1049bc00: maj 3 min 2 rcv 5
01-04 02:14:39.270  2013  3512 D EGL_emulation: eglMakeCurrent: 0x725a1049bc00: ver 3 2 (tinfo 0x725a105d5ce0)
01-04 02:14:39.270  2013  3512 I AGA     : The gl query need cache 0
01-04 02:14:39.270  2013  3512 D EGL_emulation: eglMakeCurrent: 0x725a1049bc00: ver 3 2 (tinfo 0x725a105d5ce0) (first time)
01-04 02:14:39.273  2013  3512 E eglCodecCommon: glUtilsParamSize: unknow param 0x000082da
01-04 02:14:39.273  2013  3512 E eglCodecCommon: glUtilsParamSize: unknow param 0x000082da
01-04 02:14:39.273  2013  3512 E eglCodecCommon: glUtilsParamSize: unknow param 0x000082e5
01-04 02:14:39.273  2013  3512 E eglCodecCommon: glUtilsParamSize: unknow param 0x000082e5
01-04 02:14:39.275  2013  3512 D emuglGLESv2_enc: check TTCDisabled with pkg[system_server] with res[0]
01-04 02:14:39.282  2013  3512 E eglCodecCommon: glUtilsParamSize: unknow param 0x00008c29
01-04 02:14:39.282  2013  3512 E eglCodecCommon: glUtilsParamSize: unknow param 0x00008c29
01-04 02:14:39.285  2013  3512 D emuglGLESv2_enc: check GLMBRH with pkg[system_server] with res[0]
01-04 02:14:39.285  2013  3512 D emuglGLESv2_enc: check GLUBPerf with pkg[system_server] with res[0]
01-04 02:14:39.286  2013  3512 D emuglGLESv2_enc: GL system_server ViewportNeedFlush 0
01-04 02:14:40.556  5120  9336 I FA      : Application backgrounded at: timestamp_millis: 1767489278513
01-04 02:14:47.073  1830  4201 I audio_hw_primary: choose pcmC0D0p for 0
01-04 02:14:47.142  1842  1988 D AudioFlinger: mixer(0xe7883f80) throttle end: throttle time(30)
01-04 02:14:47.234  2701  2701 D HomeActivity: showGuestPopup : 1
01-04 02:14:47.234  2701  2701 D HomeActivity: showNowggLoginPopup : 1
01-04 02:14:47.236  2013  2024 I HCALL   : hcallIsAppLaunchAllowedRpc(com.lagradost.cloudstream3, 0)
01-04 02:14:47.236  2013  2024 I VMSG    : getHostBoundBuffer:94 called for hcal
01-04 02:14:47.236  2013  2024 I VMSG    : processRequest:104 called for hcal
01-04 02:14:47.237  2013  2024 I ActivityManager: START u0 {act=android.intent.action.MAIN cat=[android.intent.category.LAUNCHER] flg=0x10000000 cmp=com.lagradost.cloudstream3/.ui.account.AccountSelectActivity} from uid 10047
01-04 02:14:47.238  2013  2024 D ActivityManager: TopActivityInfo, pkgName: com.lagradost.cloudstream3 activityName: com.lagradost.cloudstream3.ui.account.AccountSelectActivity callingPackage: com.uncube.launcher3  bstSpecialAppKeyboardHandlingEnabled = false
01-04 02:14:47.249  2701  2814 D SessionLifecycleClient: Sending lifecycle 2 to service
01-04 02:14:47.249  2701  2995 D SessionLifecycleService: Activity backgrounding at 5929059
01-04 02:14:47.251  2013  2024 D ActivityManager: TopActivityInfo, pkgName: com.lagradost.cloudstream3 activityName: com.lagradost.cloudstream3/.MainActivity callingPackage:   bstSpecialAppKeyboardHandlingEnabled = false
01-04 02:14:47.292  1845  2992 D gralloc_default: gralloc_alloc: Creating ashmem region of size 8298496
01-04 02:14:47.345  2013  2024 D WindowManager: calling BstHostCallManagerService onActivityDisplayed method, packageName: com.lagradost.cloudstream3, activityName: com.lagradost.cloudstream3.MainActivity
01-04 02:14:47.345  2013  2045 I HCALL   : hcallOnActivityDisplayedRpc(com.lagradost.cloudstream3, com.lagradost.cloudstream3.MainActivity, com.uncube.launcher3)
01-04 02:14:47.345  2013  2045 I VMSG    : getHostBoundBuffer:94 called for hcal
01-04 02:14:47.345  2013  2045 I VMSG    : processRequest:104 called for hcal
01-04 02:14:47.345  2013  2024 D WindowManager: BstHostCallManagerService onActivityDisplayed method returned: 0
01-04 02:14:47.347  2292  2375 I VMSG    : processRequest:104 called for gcal
01-04 02:14:47.347  2292  2378 E BstGCallService-JNI: gcallCommonCommandClbk called: code=1, name=com.lagradost.cloudstream3, data=
01-04 02:14:47.350  2013  2024 D WindowManager: calling BstHostCallManagerService setAppConfigDbParams method, packageName: com.lagradost.cloudstream3, macrosDisabled: false, showFeedbackPopup: false, mouseCursorStyle: , nativeGamepad: false
01-04 02:14:47.350  2013  2045 I HCALL   : hcallSetAppConfigDbParamsRpc(com.lagradost.cloudstream3, 0, 0, , 0)
01-04 02:14:47.350  2013  2045 I VMSG    : getHostBoundBuffer:94 called for hcal
01-04 02:14:47.350  2013  2045 I VMSG    : processRequest:104 called for hcal
01-04 02:14:47.350  2013  2024 D WindowManager: BstHostCallManagerService setAppConfigDbParams method returned: 0
01-04 02:14:47.350  2013  2024 D WindowManager: bstSendTopDisplayedOnFocusChange packageName : com.lagradost.cloudstream3  activityName : com.lagradost.cloudstream3.MainActivity  mouseAction  :   lastSentMouseAction : 
01-04 02:14:47.351  1845  1965 D gralloc_default: gralloc_alloc: Creating ashmem region of size 8298496
01-04 02:14:47.359  1845  2992 D gralloc_default: gralloc_alloc: Creating ashmem region of size 8298496
01-04 02:14:47.367  1845  2992 D gralloc_default: gralloc_alloc: Creating ashmem region of size 8298496
01-04 02:14:47.374  3378  3873 E EGL_emulation: tid 3873: eglSurfaceAttrib(1726): error 0x3009 (EGL_BAD_MATCH)
01-04 02:14:47.374  3378  3873 W OpenGLRenderer: Failed to set EGL_SWAP_BEHAVIOR on surface 0x725a070fe600, error=EGL_BAD_MATCH
01-04 02:14:47.374  1845  1965 D gralloc_default: gralloc_alloc: Creating ashmem region of size 8298496
01-04 02:14:47.384  2197  2541 W ndroid.systemu: Unknown chunk type '200'.
01-04 02:14:47.397  2197  2541 W ziparchive: Unable to open '/data/app/com.omarflex5-UUzewaqI37VgMX6v7Y0Ngw==/base.apk': No such file or directory
01-04 02:14:47.397  2197  2541 E ndroid.systemu: Failed to open APK '/data/app/com.omarflex5-UUzewaqI37VgMX6v7Y0Ngw==/base.apk' I/O error
01-04 02:14:47.397  2197  2541 E ResourcesManager: failed to add asset path /data/app/com.omarflex5-UUzewaqI37VgMX6v7Y0Ngw==/base.apk
01-04 02:14:47.397  2197  2541 W PackageManager: Failure retrieving resources for com.omarflex5
01-04 02:14:47.397  2197  2541 W ziparchive: Unable to open '/data/app/com.omarflex5-UUzewaqI37VgMX6v7Y0Ngw==/base.apk': No such file or directory
01-04 02:14:47.397  2197  2541 E ndroid.systemu: Failed to open APK '/data/app/com.omarflex5-UUzewaqI37VgMX6v7Y0Ngw==/base.apk' I/O error
01-04 02:14:47.397  2197  2541 E ResourcesManager: failed to add asset path /data/app/com.omarflex5-UUzewaqI37VgMX6v7Y0Ngw==/base.apk
01-04 02:14:47.397  2197  2541 W PackageManager: Failure retrieving resources for com.omarflex5
01-04 02:14:47.398  1845  2992 D gralloc_default: gralloc_alloc: Creating ashmem region of size 8298496
01-04 02:14:47.399  2197  2541 W ndroid.systemu: Unknown chunk type '200'.
01-04 02:14:47.412  3378  3873 E EGL_emulation: tid 3873: eglSurfaceAttrib(1726): error 0x3009 (EGL_BAD_MATCH)
01-04 02:14:47.412  3378  3873 W OpenGLRenderer: Failed to set EGL_SWAP_BEHAVIOR on surface 0x725a070fe600, error=EGL_BAD_MATCH
01-04 02:14:47.420  3378  3873 D EGL_emulation: eglMakeCurrent: 0x725a0f2ee000: ver 3 2 (tinfo 0x725a10d436e0)
01-04 02:14:47.425  1845  1965 D gralloc_default: gralloc_alloc: Creating ashmem region of size 8298496
01-04 02:14:47.439  2013  3248 D InputMethodManagerService: packageName=com.lagradost.cloudstream3, activityName=.MainActivity
01-04 02:14:47.439  2013  3248 D InputMethodManagerService: curAttribute inputType=0, isPassword=false, ime_enabled=false
01-04 02:14:47.440  2013  2045 I HCALL   : hcallCommonCommandRpc(7, , )
01-04 02:14:47.440  2013  2045 I VMSG    : getHostBoundBuffer:94 called for hcal
01-04 02:14:47.440  2013  2045 I VMSG    : processRequest:104 called for hcal
01-04 02:14:47.440  2013  3248 D InputMethodManagerService: ime_enabled = false is same as last value, no change
01-04 02:14:47.443  2013  2036 D ActivityManager: onWindowsDrawn: packageName = com.lagradost.cloudstream3, name = com.lagradost.cloudstream3.MainActivity, mCallingPackage = com.lagradost.cloudstream3
01-04 02:14:47.443  2013  2045 I HCALL   : hcallCommonCommandRpc(5, , )
01-04 02:14:47.443  2013  2045 I VMSG    : getHostBoundBuffer:94 called for hcal
01-04 02:14:47.443  2013  2045 I VMSG    : processRequest:104 called for hcal
01-04 02:14:47.447  1845  2046 D gralloc_default: gralloc_alloc: Creating ashmem region of size 8298496
01-04 02:14:47.610  1845  1963 W SurfaceFlinger: Attempting to set client state on removed layer: Splash Screen com.lagradost.cloudstream3#0
01-04 02:14:47.610  1845  1963 W SurfaceFlinger: Attempting to destroy on removed layer: Splash Screen com.lagradost.cloudstream3#0
01-04 02:14:47.631  3378  3378 I AppVisibilityProxy: onAppEnteredForeground
01-04 02:14:47.659  2519  9337 I CastDatabase: Loading the database
01-04 02:14:47.663  2519  9337 I SQLiteCastStore: 0 CastNetworkInfo instances loaded, 0 CastDeviceInfo instances loaded, 0 paired guest mode devices loaded.
01-04 02:14:47.690  2519  9337 I DiscoveryManager: Filter criteria(CC1AD845) scannerFlags(0)
01-04 02:14:47.692  2519  9337 W DatabaseProcessor: processLocalDevices: failed to get the network info with non-null networkId.
01-04 02:14:47.693  2519  2519 I CastMediaRouteProvider: Published 0 routes
01-04 02:14:47.696  2519  2519 D BoundBrokerSvc: onBind: Intent { act=com.google.android.gms.mdns.service.START dat=chimera-action: cmp=com.google.android.gms/.chimera.PersistentApiService }
01-04 02:14:47.696  2519  2519 D BoundBrokerSvc: Loading bound service for intent: Intent { act=com.google.android.gms.mdns.service.START dat=chimera-action: cmp=com.google.android.gms/.chimera.PersistentApiService }
01-04 02:14:47.706  2013  3248 I WifiService: acquireMulticastLock uid=10004
01-04 02:14:47.742  2701  2959 D EGL_emulation: eglMakeCurrent: 0x725a12169600: ver 3 2 (tinfo 0x725a1212bc00)
01-04 02:14:47.746  2701  2701 W LauncherApplication: onTrimMemory() called with: trimLevel = [TRIM_MEMORY_UI_HIDDEN]
01-04 02:14:49.281  2701  9329 I FA      : Application backgrounded at: timestamp_millis: 1767489287267
01-04 02:14:49.282  2519  2519 D BoundBrokerSvc: onUnbind: Intent { act=com.google.android.gms.tapandpay.service.BIND dat=chimera-action: cmp=com.google.android.gms/.chimera.PersistentApiService }
01-04 02:14:49.314  2758  2758 D BoundBrokerSvc: onUnbind: Intent { act=com.google.android.gms.pay.service.BIND dat=chimera-action: cmp=com.google.android.gms/.chimera.GmsApiService }
01-04 02:14:49.544  2758  2758 D BoundBrokerSvc: onUnbind: Intent { act=com.google.android.gms.audit.service.START dat=chimera-action: cmp=com.google.android.gms/.chimera.GmsBoundBrokerService }
01-04 02:14:49.545  2519  2519 D BoundBrokerSvc: onUnbind: Intent { act=com.google.android.gms.auth.aang.events.services.START dat=chimera-action: cmp=com.google.android.gms/.chimera.PersistentApiService }
01-04 02:14:49.545  2758  2758 D BoundBrokerSvc: onUnbind: Intent { act=com.google.android.gms.feedback.internal.IFeedbackService dat=chimera-action: cmp=com.google.android.gms/.chimera.GmsBoundBrokerService }
01-04 02:14:49.545  2758  2758 D BoundBrokerSvc: onUnbind: Intent { act=com.google.android.gms.credential.manager.service.firstparty.START dat=chimera-action: cmp=com.google.android.gms/.chimera.GmsApiService }
01-04 02:14:49.624  2758  2758 D BoundBrokerSvc: onUnbind: Intent { act=com.google.android.gms.mdisync.service.START dat=chimera-action: cmp=com.google.android.gms/.chimera.GmsApiService }
01-04 02:14:49.741  2013  3248 D InputMethodManagerService: packageName=com.lagradost.cloudstream3, activityName=.MainActivity
01-04 02:14:49.741  2013  3248 D InputMethodManagerService: curAttribute inputType=0, isPassword=false, ime_enabled=false
01-04 02:14:49.741  2013  2045 I HCALL   : hcallCommonCommandRpc(7, , )
01-04 02:14:49.741  2013  2045 I VMSG    : getHostBoundBuffer:94 called for hcal
01-04 02:14:49.741  2013  2045 I VMSG    : processRequest:104 called for hcal
01-04 02:14:49.741  2013  3248 D InputMethodManagerService: ime_enabled = false is same as last value, no change
01-04 02:14:49.753  3378  3468 W st.cloudstream: Checksum mismatch for dex FaselHDProvider.88718828.cs3
01-04 02:14:49.767  3378  3468 W st.cloudstream: Couldn't lock the profile file /data/user/0/com.lagradost.cloudstream3/files/Extensions/httpsraw.githubusercontent.comalyabroudy1cs3buildsrepo.json.859123176/oat/MyCimaProvider.-1155468169.cs3.cur.prof: Failed to open file '/data/user/0/com.lagradost.cloudstream3/files/Extensions/httpsraw.githubusercontent.comalyabroudy1cs3buildsrepo.json.859123176/oat/MyCimaProvider.-1155468169.cs3.cur.prof': No such file or directory
01-04 02:14:49.767  3378  3468 W st.cloudstream: Could not forcefully load profile /data/user/0/com.lagradost.cloudstream3/files/Extensions/httpsraw.githubusercontent.comalyabroudy1cs3buildsrepo.json.859123176/oat/MyCimaProvider.-1155468169.cs3.cur.prof
01-04 02:14:49.813  3378  3378 I PLG     : updatePluginList = https://raw.githubusercontent.com/alyabroudy1/cs3/builds/repo.json
01-04 02:14:49.813  3378  3378 I PLG     : getPlugins = https://raw.githubusercontent.com/alyabroudy1/cs3/builds/repo.json
01-04 02:14:49.993  3378  3378 E CoilImgLoader: Error loading image: coil3.network.HttpException: HTTP 404
01-04 02:14:51.257  2758  2758 D BoundBrokerSvc: onUnbind: Intent { act=com.google.android.gms.inappreach.service.START dat=chimera-action: cmp=com.google.android.gms/.chimera.GmsApiService }
