--------- beginning of main
01-04 02:14:22.947  2701  2701 D HomeActivity: showGuestPopup : 1
01-04 02:14:22.947  2701  2701 D HomeActivity: showNowggLoginPopup : 1
--------- beginning of system
01-04 02:14:22.949  2013  8492 I ActivityManager: START u0 {act=android.intent.action.MAIN cat=[android.intent.category.LAUNCHER] flg=0x10000000 cmp=com.bluestacks.filemanager/.MainActivity} from uid 10047
01-04 02:14:22.950  2013  8492 D ActivityManager: TopActivityInfo, pkgName: com.bluestacks.filemanager activityName: com.bluestacks.filemanager.MainActivity callingPackage: com.uncube.launcher3  bstSpecialAppKeyboardHandlingEnabled = false
01-04 02:14:22.962  2701  2823 D SessionLifecycleClient: Sending lifecycle 2 to service
01-04 02:14:22.962  2701  2995 D SessionLifecycleService: Activity backgrounding at 5904773
01-04 02:14:22.964  2013  8492 D ActivityManager: TopActivityInfo, pkgName: com.bluestacks.filemanager activityName: com.bluestacks.filemanager/.MainActivity callingPackage:   bstSpecialAppKeyboardHandlingEnabled = false
01-04 02:14:22.990  1845  2046 I chatty  : uid=1000(system) Binder:1845_3 expire 2 lines
01-04 02:14:23.023  2013  8492 D WindowManager: mHasNavigationBar: false
01-04 02:14:23.044  2013  8492 I ActivityManager: Config changes=20000480 {1.0 262mcc1mnc [en_US] ldltr sw720dp w1280dp h696dp 240dpi xlrg long land finger -keyb/v/h -nav/h winConfig={ mBounds=Rect(0, 0 - 1920, 1080) mAppBounds=Rect(0, 0 - 1920, 1080) mWindowingMode=fullscreen mActivityType=undefined} s.12}
01-04 02:14:23.073  2013  8492 I ActivityManager: Override config changes=20000480 {1.0 262mcc1mnc [en_US] ldltr sw720dp w1280dp h696dp 240dpi xlrg long land finger -keyb/v/h -nav/h winConfig={ mBounds=Rect(0, 0 - 1920, 1080) mAppBounds=Rect(0, 0 - 1920, 1080) mWindowingMode=fullscreen mActivityType=undefined} s.12} for displayId=0
01-04 02:14:23.079  2013  8492 D WindowManager: mHasNavigationBar: false
01-04 02:14:23.082  2013  8492 D WindowManager: mHasNavigationBar: false
01-04 02:14:23.141  1845  1845 I chatty  : uid=1000(system) /system/bin/surfaceflinger expire 1 line
01-04 02:14:23.147  2013  2029 W Looper  : Slow dispatch took 177ms android.ui h=com.android.server.am.ActivityManagerService$UiHandler c=null m=31
01-04 02:14:23.154  1845  2046 I chatty  : uid=1000(system) Binder:1845_3 expire 1 line
01-04 02:14:23.163  2197  2197 D StatusBar: disable<e i a s b h r c s > disable2<q i n >
01-04 02:14:23.164  2013  2036 W WindowManager: App freeze timeout expired.
01-04 02:14:23.183  2013  2115 I chatty  : uid=1000(system) InputReader expire 4 lines
01-04 02:14:23.260  1845  2445 I chatty  : uid=1000(system) Binder:1845_4 expire 1 line
01-04 02:14:23.275  2701  2959 D EGL_emulation: eglMakeCurrent: 0x725a12169600: ver 3 2 (tinfo 0x725a1212bc00)
01-04 02:14:23.302  9203  9203 D GeckoScreenOrientation: updating to new orientation LANDSCAPE_PRIMARY
01-04 02:14:23.353  2013  2355 W ActivityManager: Receiver with filter android.content.IntentFilter@a0ace60 already registered for pid 5120, callerPackage is com.bluestacks.filemanager
01-04 02:14:23.354  2013  2355 W ActivityManager: Receiver with filter android.content.IntentFilter@fbb4f19 already registered for pid 5120, callerPackage is com.bluestacks.filemanager
01-04 02:14:23.389  2013  2355 D WindowManager: calling BstHostCallManagerService onActivityDisplayed method, packageName: com.bluestacks.filemanager, activityName: com.bluestacks.filemanager.MainActivity
01-04 02:14:23.390  2013  2355 D WindowManager: BstHostCallManagerService onActivityDisplayed method returned: 0
01-04 02:14:23.390  2013  2045 I chatty  : uid=1000 system_server expire 4 lines
01-04 02:14:23.390  2013  2355 D WindowManager: calling BstHostCallManagerService setAppConfigDbParams method, packageName: com.bluestacks.filemanager, macrosDisabled: false, showFeedbackPopup: false, mouseCursorStyle: default, nativeGamepad: false
01-04 02:14:23.392  2292  2375 I chatty  : uid=1000(system) com.bluestacks.BstCommandProcessor expire 1 line
01-04 02:14:23.392  2292  2378 I chatty  : uid=1000(system) com.bluestacks.BstCommandProcessor expire 1 line
01-04 02:14:23.392  2013  2045 I chatty  : uid=1000 system_server expire 2 lines
01-04 02:14:23.392  2013  2355 D WindowManager: BstHostCallManagerService setAppConfigDbParams method returned: 0
01-04 02:14:23.395  2013  2355 D WindowManager: bstSendTopDisplayedOnFocusChange packageName : com.bluestacks.filemanager  activityName : com.bluestacks.filemanager.MainActivity  mouseAction  :   lastSentMouseAction : 
01-04 02:14:23.399  1845  2046 I chatty  : uid=1000(system) Binder:1845_3 expire 4 lines
01-04 02:14:23.473  2197  2197 I ImageWallpaper: Redrawing in rect: RectF(0.0, 0.0, 2880.0, 2560.0) with surface size: 2880x2560
01-04 02:14:23.501  5120  5171 E EGL_emulation: tid 5171: eglSurfaceAttrib(1726): error 0x3009 (EGL_BAD_MATCH)
01-04 02:14:23.501  5120  5171 W OpenGLRenderer: Failed to set EGL_SWAP_BEHAVIOR on surface 0x725a0fe52e80, error=EGL_BAD_MATCH
01-04 02:14:23.512  2197  2487 D EGL_emulation: eglMakeCurrent: 0x725a2fdaf400: ver 3 2 (tinfo 0x725a2fc65080)
01-04 02:14:23.520  2519  2519 I chatty  : uid=10004 com.google.android.gms.persistent expire 4 lines
01-04 02:14:23.588  5120  5132 I cks.filemanage: Background concurrent copying GC freed 13355(782KB) AllocSpace objects, 6(312KB) LOS objects, 49% free, 3MB/7MB, paused 1.291ms total 106.215ms
01-04 02:14:23.591  5120  5120 E RecyclerView: No adapter attached; skipping layout
01-04 02:14:23.727  5120  5171 D EGL_emulation: eglMakeCurrent: 0x725a12ee1000: ver 3 2 (tinfo 0x725a12eaeec0)
01-04 02:14:23.739  2292  2292 I chatty  : uid=1000(system) com.bluestacks.BstCommandProcessor expire 1 line
01-04 02:14:23.773  1845  2046 I chatty  : uid=1000(system) Binder:1845_3 expire 2 lines
01-04 02:14:23.778  2197  8337 W ndroid.systemu: Unknown chunk type '200'.
01-04 02:14:23.800  2197  8337 W ziparchive: Unable to open '/data/app/com.omarflex5-UUzewaqI37VgMX6v7Y0Ngw==/base.apk': No such file or directory
01-04 02:14:23.800  2197  8337 E ndroid.systemu: Failed to open APK '/data/app/com.omarflex5-UUzewaqI37VgMX6v7Y0Ngw==/base.apk' I/O error
01-04 02:14:23.800  2197  8337 E ResourcesManager: failed to add asset path /data/app/com.omarflex5-UUzewaqI37VgMX6v7Y0Ngw==/base.apk
01-04 02:14:23.800  2197  8337 W PackageManager: Failure retrieving resources for com.omarflex5
01-04 02:14:23.800  2197  8337 W ziparchive: Unable to open '/data/app/com.omarflex5-UUzewaqI37VgMX6v7Y0Ngw==/base.apk': No such file or directory
01-04 02:14:23.800  2197  8337 E ndroid.systemu: Failed to open APK '/data/app/com.omarflex5-UUzewaqI37VgMX6v7Y0Ngw==/base.apk' I/O error
01-04 02:14:23.800  2197  8337 E ResourcesManager: failed to add asset path /data/app/com.omarflex5-UUzewaqI37VgMX6v7Y0Ngw==/base.apk
01-04 02:14:23.800  2197  8337 W PackageManager: Failure retrieving resources for com.omarflex5
01-04 02:14:23.811  2197  8337 W ndroid.systemu: Unknown chunk type '200'.
01-04 02:14:23.847  2197  2487 E EGL_emulation: tid 2487: eglSurfaceAttrib(1726): error 0x3009 (EGL_BAD_MATCH)
01-04 02:14:23.847  2197  2487 W OpenGLRenderer: Failed to set EGL_SWAP_BEHAVIOR on surface 0x725a2fde0200, error=EGL_BAD_MATCH
01-04 02:14:23.850  2013  8492 D InputMethodManagerService: packageName=com.bluestacks.filemanager, activityName=.MainActivity
01-04 02:14:23.850  2013  2036 I chatty  : uid=1000(system) android.display expire 1 line
01-04 02:14:23.850  2013  2045 I chatty  : uid=1000 system_server expire 6 lines
01-04 02:14:23.851  2013  8492 D InputMethodManagerService: curAttribute inputType=0, isPassword=false, ime_enabled=false
01-04 02:14:23.851  2013  8492 D InputMethodManagerService: ime_enabled = false is same as last value, no change
01-04 02:14:23.853  2197  2487 D EGL_emulation: eglMakeCurrent: 0x725a2fdaf400: ver 3 2 (tinfo 0x725a2fc65080)
01-04 02:14:23.855  1845  1965 I chatty  : uid=1000(system) Binder:1845_2 expire 2 lines
01-04 02:14:23.866  5120  5171 D EGL_emulation: eglMakeCurrent: 0x725a12ee1000: ver 3 2 (tinfo 0x725a12eaeec0)
01-04 02:14:23.874  2013  2080 I WindowManager: Screen frozen for +900ms due to Window{80526ca u0 StatusBar}
01-04 02:14:23.886  1845  1845 I chatty  : uid=1000(system) /system/bin/surfaceflinger expire 4 lines
01-04 02:14:23.893  5120  5171 E EGL_emulation: tid 5171: eglSurfaceAttrib(1726): error 0x3009 (EGL_BAD_MATCH)
01-04 02:14:23.893  5120  5171 W OpenGLRenderer: Failed to set EGL_SWAP_BEHAVIOR on surface 0x725a0fe52e80, error=EGL_BAD_MATCH
01-04 02:14:23.894  1845  2046 D gralloc_default: gralloc_alloc: Creating ashmem region of size 278528
01-04 02:14:23.896  5120  5171 D EGL_emulation: eglMakeCurrent: 0x725a12ee1000: ver 3 2 (tinfo 0x725a12eaeec0)
01-04 02:14:23.897  1845  2046 D gralloc_default: gralloc_alloc: Creating ashmem region of size 8298496
01-04 02:14:23.928  1845  2046 D gralloc_default: gralloc_alloc: Creating ashmem region of size 8298496
01-04 02:14:23.996  2701  2701 W LauncherApplication: onTrimMemory() called with: trimLevel = [TRIM_MEMORY_UI_HIDDEN]
01-04 02:14:24.308  2013  2080 D WindowManager: sendOrientationToHostAsync: calling BstHostCallManagerService onOrientationChange method, orientation: 0
01-04 02:14:24.309  2013  2080 D WindowManager: sendOrientationToHostAsync: BstHostCallManagerService onOrientationChange method returned: 0
01-04 02:14:24.309  2013  2045 I HCALL   : hcallOnOrientationChangedRpc(0)
01-04 02:14:24.309  2013  2045 I VMSG    : getHostBoundBuffer:94 called for hcal
01-04 02:14:24.309  2013  2045 I VMSG    : processRequest:104 called for hcal
01-04 02:14:25.059  2701  9329 I FA      : Application backgrounded at: timestamp_millis: 1767489263017
01-04 02:14:26.029  2013  2036 I system_server: Explicit concurrent copying GC freed 102940(4MB) AllocSpace objects, 36(736KB) LOS objects, 42% free, 10MB/18MB, paused 120us total 139.813ms
01-04 02:14:26.088  3378  3393 W System  : A resource failed to call close. 
01-04 02:14:31.554  9203  9233 W Firestore: (24.10.0) [WatchStream]: (a42582a) Stream closed with status: Status{code=CANCELLED, description=Disconnecting idle stream. Timed out waiting for new targets., cause=null}.
01-04 02:14:32.129  2013  8492 I ActivityManager: START u0 {act=android.intent.action.VIEW dat=content://com.bluestacks.filemanager.provider/external_files/Download/FaselHDProvider.cs3 typ=application/octet-stream flg=0x50000003 cmp=com.google.android.gms/.pay.deeplink.AliasSavePkPassActivity} from uid 10040
01-04 02:14:32.132  1830  4201 I audio_hw_primary: choose pcmC0D0p for 0
01-04 02:14:32.132  2013  8492 D ActivityManager: TopActivityInfo, pkgName: com.google.android.gms activityName: com.google.android.gms.pay.deeplink.AliasSavePkPassActivity callingPackage: com.bluestacks.filemanager  bstSpecialAppKeyboardHandlingEnabled = false
01-04 02:14:32.134  2013  8492 W system_server: Unknown chunk type '200'.
01-04 02:14:32.156  2013  8492 D ActivityManager: TopActivityInfo, pkgName: com.google.android.gms activityName: com.google.android.gms/.pay.deeplink.AliasSavePkPassActivity callingPackage:   bstSpecialAppKeyboardHandlingEnabled = false
01-04 02:14:32.174  1845  2046 D gralloc_default: gralloc_alloc: Creating ashmem region of size 8298496
01-04 02:14:32.201  2013  2030 I ActivityManager: Start proc 9338:com.google.android.gms.ui/u0a4 for activity com.google.android.gms/.pay.deeplink.AliasSavePkPassActivity
01-04 02:14:32.202  1842  1988 D AudioFlinger: mixer(0xe7883f80) throttle end: throttle time(30)
01-04 02:14:32.213  9338  9338 I Zygote  : seccomp disabled by setenforce 0
01-04 02:14:32.228  9338  9338 I chatty  : uid=10004 com.google.android.gms.ui identical 30 lines
01-04 02:14:32.274  1845  2046 D gralloc_default: gralloc_alloc: Creating ashmem region of size 8298496
01-04 02:14:32.288  2013  8492 D WindowManager: mHasNavigationBar: false
01-04 02:14:32.294  2013  8492 I ActivityManager: Config changes=20000480 {1.0 262mcc1mnc [en_US] ldltr sw720dp w720dp h1256dp 240dpi xlrg long port finger -keyb/v/h -nav/h winConfig={ mBounds=Rect(0, 0 - 1920, 1080) mAppBounds=Rect(0, 0 - 1080, 1920) mWindowingMode=fullscreen mActivityType=undefined} s.13}
01-04 02:14:32.294  1845  2046 D gralloc_default: gralloc_alloc: Creating ashmem region of size 8298496
01-04 02:14:32.297  2013  8492 I ActivityManager: Override config changes=20000480 {1.0 262mcc1mnc [en_US] ldltr sw720dp w720dp h1256dp 240dpi xlrg long port finger -keyb/v/h -nav/h winConfig={ mBounds=Rect(0, 0 - 1920, 1080) mAppBounds=Rect(0, 0 - 1080, 1920) mWindowingMode=fullscreen mActivityType=undefined} s.13} for displayId=0
01-04 02:14:32.297  2013  8492 D WindowManager: mHasNavigationBar: false
01-04 02:14:32.297  2013  8492 I chatty  : uid=1000(system) Binder:2013_1C identical 1 line
01-04 02:14:32.299  2013  8492 D WindowManager: mHasNavigationBar: false
01-04 02:14:32.307  1845  1845 D DisplayDevice: Open /dev/tty0 OK
01-04 02:14:32.331  2013  8492 W ActivityManager: Slow operation: 78ms so far, now at attachApplicationLocked: after mServices.attachApplicationLocked
01-04 02:14:32.335  5120  5171 D EGL_emulation: eglMakeCurrent: 0x725a12ee1000: ver 3 2 (tinfo 0x725a12eaeec0)
01-04 02:14:32.343  2292  2292 D BstCommandProcessor-Application: onConfigurationChanged called
01-04 02:14:32.347  2197  2197 D StatusBar: disable<e i a s b h r c s > disable2<q i n >
01-04 02:14:32.350  9203  9203 D GeckoScreenOrientation: updating to new orientation PORTRAIT_PRIMARY
01-04 02:14:32.352  2013  2036 D WindowManager: mHasNavigationBar: false
01-04 02:14:32.354  2013  2036 D WindowManager: mHasNavigationBar: false
01-04 02:14:32.360  2013  2036 W WindowManager: App freeze timeout expired.
01-04 02:14:32.360  2013  2036 W WindowManager: Force clearing freeze: AppWindowToken{c6bbefd token=Token{6213f54 ActivityRecord{86bbea7 u0 com.google.android.gms/.pay.deeplink.AliasSavePkPassActivity t114}}}
01-04 02:14:32.362  2013  2115 I InputReader: Reconfiguring input devices.  changes=0x00000004
01-04 02:14:32.362  2013  2115 I InputReader: Device reconfigured: id=4, name='BlueStacks Virtual Touch', size 1920x1080, orientation 1, mode 1, display id 0
01-04 02:14:32.362  2013  2036 I WindowManager: Screen frozen for +105ms due to AppWindowToken{c6bbefd token=Token{6213f54 ActivityRecord{86bbea7 u0 com.google.android.gms/.pay.deeplink.AliasSavePkPassActivity t114}}}
01-04 02:14:32.385  1845  1845 D SurfaceFlinger: duplicate layer name: changing BlackSurface to BlackSurface#1
01-04 02:14:32.385  1845  1845 D SurfaceFlinger: duplicate layer name: changing BlackSurface to BlackSurface#1
01-04 02:14:32.397  2197  2557 W ziparchive: Unable to open '/data/app/com.omarflex5-UUzewaqI37VgMX6v7Y0Ngw==/base.apk': No such file or directory
01-04 02:14:32.397  2197  2557 E ndroid.systemu: Failed to open APK '/data/app/com.omarflex5-UUzewaqI37VgMX6v7Y0Ngw==/base.apk' I/O error
01-04 02:14:32.397  2197  2557 E ResourcesManager: failed to add asset path /data/app/com.omarflex5-UUzewaqI37VgMX6v7Y0Ngw==/base.apk
01-04 02:14:32.398  2197  2557 W PackageManager: Failure retrieving resources for com.omarflex5
01-04 02:14:32.398  2197  2557 W ziparchive: Unable to open '/data/app/com.omarflex5-UUzewaqI37VgMX6v7Y0Ngw==/base.apk': No such file or directory
01-04 02:14:32.398  2197  2557 E ndroid.systemu: Failed to open APK '/data/app/com.omarflex5-UUzewaqI37VgMX6v7Y0Ngw==/base.apk' I/O error
01-04 02:14:32.398  2197  2557 E ResourcesManager: failed to add asset path /data/app/com.omarflex5-UUzewaqI37VgMX6v7Y0Ngw==/base.apk
01-04 02:14:32.398  2197  2557 W PackageManager: Failure retrieving resources for com.omarflex5
01-04 02:14:32.426  1845  2445 D gralloc_default: gralloc_alloc: Creating ashmem region of size 8298496
01-04 02:14:32.448  2197  2487 D EGL_emulation: eglMakeCurrent: 0x725a2fdaf400: ver 3 2 (tinfo 0x725a2fc65080)
01-04 02:14:32.451  1845  2046 D gralloc_default: gralloc_alloc: Creating ashmem region of size 155648
01-04 02:14:32.462  2197  2487 E EGL_emulation: tid 2487: eglSurfaceAttrib(1726): error 0x3009 (EGL_BAD_MATCH)
01-04 02:14:32.462  2197  2487 W OpenGLRenderer: Failed to set EGL_SWAP_BEHAVIOR on surface 0x725a2fde0200, error=EGL_BAD_MATCH
01-04 02:14:32.463  2197  2487 D EGL_emulation: eglMakeCurrent: 0x725a2fdaf400: ver 3 2 (tinfo 0x725a2fc65080)
01-04 02:14:32.464  1845  2046 D gralloc_default: gralloc_alloc: Creating ashmem region of size 155648
01-04 02:14:32.474  1845  2046 W SurfaceFlinger: Attempting to destroy on removed layer: 6eb3206 AssistPreviewPanel#0
01-04 02:14:32.476  1845  2046 W SurfaceFlinger: Attempting to destroy on removed layer: 18d3263 DockedStackDivider#0
01-04 02:14:32.478  1845  2046 D gralloc_default: gralloc_alloc: Creating ashmem region of size 155648
01-04 02:14:32.483  1845  2046 D gralloc_default: gralloc_alloc: Creating ashmem region of size 8298496
01-04 02:14:32.533  1845  2046 D gralloc_default: gralloc_alloc: Creating ashmem region of size 8298496
01-04 02:14:32.825  2013  2080 D WindowManager: sendOrientationToHostAsync: calling BstHostCallManagerService onOrientationChange method, orientation: 1
01-04 02:14:32.825  2013  2080 D WindowManager: sendOrientationToHostAsync: BstHostCallManagerService onOrientationChange method returned: 0
01-04 02:14:32.825  2013  2045 I HCALL   : hcallOnOrientationChangedRpc(1)
01-04 02:14:32.825  2013  2045 I VMSG    : getHostBoundBuffer:94 called for hcal
01-04 02:14:32.825  2013  2045 I VMSG    : processRequest:104 called for hcal
01-04 02:14:33.447  9338  9373 I chatty  : uid=10004(com.google.android.gms) highpool[0] expire 2 lines
01-04 02:14:33.482  9338  9338 W .android.gms.u: Unsupported class loader
01-04 02:14:33.494  9338  9338 W .android.gms.u: Skipping duplicate class check due to unsupported classloader
01-04 02:14:33.541  9338  9338 I GmsModuleInitializer: Using ContainerGservicesDelegate
01-04 02:14:33.808  2519  2519 D BoundBrokerSvc: onBind: Intent { act=com.google.android.gms.tapandpay.service.BIND dat=chimera-action: cmp=com.google.android.gms/.chimera.PersistentApiService }
01-04 02:14:33.808  2519  2519 D BoundBrokerSvc: Loading bound service for intent: Intent { act=com.google.android.gms.tapandpay.service.BIND dat=chimera-action: cmp=com.google.android.gms/.chimera.PersistentApiService }
01-04 02:14:33.829  2758  2758 D BoundBrokerSvc: onBind: Intent { act=com.google.android.gms.pay.service.BIND dat=chimera-action: cmp=com.google.android.gms/.chimera.GmsApiService }
01-04 02:14:33.829  2758  2758 D BoundBrokerSvc: Loading bound service for intent: Intent { act=com.google.android.gms.pay.service.BIND dat=chimera-action: cmp=com.google.android.gms/.chimera.GmsApiService }
01-04 02:14:33.886  9338  9338 D OpenGLRenderer: Skia GL Pipeline
01-04 02:14:33.934  2013  8492 D WindowManager: calling BstHostCallManagerService onActivityDisplayed method, packageName: com.google.android.gms, activityName: com.google.android.gms.pay.deeplink.AliasSavePkPassActivity
01-04 02:14:33.936  2013  8492 D WindowManager: BstHostCallManagerService onActivityDisplayed method returned: 0
01-04 02:14:33.936  2013  2045 I HCALL   : hcallOnActivityDisplayedRpc(com.google.android.gms, com.google.android.gms.pay.deeplink.AliasSavePkPassActivity, com.bluestacks.filemanager)
01-04 02:14:33.936  2013  2045 I VMSG    : getHostBoundBuffer:94 called for hcal
01-04 02:14:33.936  2013  2045 I VMSG    : processRequest:104 called for hcal
01-04 02:14:33.937  2013  8492 D WindowManager: calling BstHostCallManagerService setAppConfigDbParams method, packageName: com.google.android.gms, macrosDisabled: false, showFeedbackPopup: false, mouseCursorStyle: default, nativeGamepad: false
01-04 02:14:33.937  2013  2045 I HCALL   : hcallSetAppConfigDbParamsRpc(com.google.android.gms, 0, 0, default, 0)
01-04 02:14:33.937  2013  2045 I VMSG    : getHostBoundBuffer:94 called for hcal
01-04 02:14:33.937  2013  2045 I VMSG    : processRequest:104 called for hcal
01-04 02:14:33.937  2013  8492 D WindowManager: BstHostCallManagerService setAppConfigDbParams method returned: 0
01-04 02:14:33.937  2013  8492 D WindowManager: bstSendTopDisplayedOnFocusChange packageName : com.google.android.gms  activityName : com.google.android.gms.pay.deeplink.AliasSavePkPassActivity  mouseAction  :   lastSentMouseAction : 
01-04 02:14:33.938  2292  2375 I VMSG    : processRequest:104 called for gcal
01-04 02:14:33.938  2292  2378 E BstGCallService-JNI: gcallCommonCommandClbk called: code=1, name=com.google.android.gms, data=
01-04 02:14:33.939  1845  2445 D gralloc_default: gralloc_alloc: Creating ashmem region of size 8298496
01-04 02:14:33.942  9338  9385 D HostConnection: createUnique: call
01-04 02:14:33.942  9338  9385 I AGA     : hstInit: opened /dev/bstpgaipc: fd = 86
01-04 02:14:33.942  9338  9385 I AGA     : Attempting to create new SOCKET connection pid = 9338, tid = 9385
01-04 02:14:33.944  9338  9385 I AGA     : hstInitClientPgaIpc: data mapped to 0x725a0bf70000 with size 262144
01-04 02:14:33.944  9338  9385 I AGA     : New SOCKET connection: com.google.android.gms.ui (pid 9338, tid 9385) 0
01-04 02:14:33.947  9338  9385 D HostConnection: HostComposition ext ANDROID_EMU_vulkan ANDROID_EMU_deferred_vulkan_commands ANDROID_EMU_vulkan_create_resources_with_requirements ANDROID_EMU_vulkan_shader_float16_int8 ANDROID_EMU_vulkan_async_queue_submit ANDROID_EMU_vulkan_queue_submit_with_commands ANDROID_EMU_vulkan_batched_descriptor_set_update ANDROID_EMU_vulkan_enabled ANDROID_EMU_vulkan_initialized GL_OES_EGL_image_external_essl3 GL_OES_vertex_array_object GL_KHR_texture_compression_astc_ldr ANDROID_EMU_gles_max_version_3_2 
01-04 02:14:33.947  1845  2445 D gralloc_default: gralloc_alloc: Creating ashmem region of size 8298496
01-04 02:14:33.953  1845  2445 D gralloc_default: gralloc_alloc: Creating ashmem region of size 8298496
01-04 02:14:33.957  9338  9385 I ConfigStore: android::hardware::configstore::V1_0::ISurfaceFlingerConfigs::hasWideColorDisplay retrieved: 0
01-04 02:14:33.957  9338  9385 I ConfigStore: android::hardware::configstore::V1_0::ISurfaceFlingerConfigs::hasHDRDisplay retrieved: 0
01-04 02:14:33.957  9338  9385 I OpenGLRenderer: Initialized EGL, version 1.4
01-04 02:14:33.957  9338  9385 D OpenGLRenderer: Swap behavior 1
01-04 02:14:33.976  9338  9385 D EGL_emulation: eglCreateContext: 0x725a0c948c00: maj 2 min 0 rcv 2
01-04 02:14:33.977  2013  8492 D InputMethodManagerService: packageName=com.google.android.gms, activityName=.pay.deeplink.AliasSavePkPassActivity
01-04 02:14:33.977  2013  8492 D InputMethodManagerService: curAttribute inputType=0, isPassword=false, ime_enabled=false
01-04 02:14:33.977  2013  2045 I HCALL   : hcallCommonCommandRpc(7, , )
01-04 02:14:33.977  2013  8492 D InputMethodManagerService: ime_enabled = false is same as last value, no change
01-04 02:14:33.977  2013  2045 I VMSG    : getHostBoundBuffer:94 called for hcal
01-04 02:14:33.977  2013  2045 I VMSG    : processRequest:104 called for hcal
01-04 02:14:33.979  2013  8492 I ActivityManager: START u0 {act=com.google.android.gms.pay.pass.valuable.view.save.SAVE_PASSES flg=0x4000000 cmp=com.google.android.gms/.pay.main.PayActivity (has extras)} from uid 10004
01-04 02:14:33.980  2013  8492 D ActivityManager: TopActivityInfo, pkgName: com.google.android.gms activityName: com.google.android.gms.pay.main.PayActivity callingPackage: com.google.android.gms  bstSpecialAppKeyboardHandlingEnabled = false
01-04 02:14:33.996  9338  9385 D EGL_emulation: eglMakeCurrent: 0x725a0c948c00: ver 2 0 (tinfo 0x725a0c875420)
01-04 02:14:33.996  9338  9385 I AGA     : The gl query need cache 0
01-04 02:14:33.998  9338  9385 D EGL_emulation: eglMakeCurrent: 0x725a0c948c00: ver 2 0 (tinfo 0x725a0c875420) (first time)
01-04 02:14:34.003  9338  9385 D emuglGLESv2_enc: check TTCDisabled with pkg[com.google.android.gms.ui] with res[0]
01-04 02:14:34.014  9338  9385 D vndksupport: Loading /vendor/lib64/hw/android.hardware.graphics.mapper@2.0-impl.so from current namespace instead of sphal namespace.
01-04 02:14:34.015  9338  9385 D vndksupport: Loading /vendor/lib64/hw/gralloc.default.so from current namespace instead of sphal namespace.
01-04 02:14:34.017  9338  9385 D HostConnection: createUnique: call
01-04 02:14:34.017  9338  9385 I AGA     : hstInit: opened /dev/bstpgaipc: fd = 94
01-04 02:14:34.017  9338  9385 I AGA     : Attempting to create new SOCKET connection pid = 9338, tid = 9385
01-04 02:14:34.018  9338  9385 I AGA     : hstInitClientPgaIpc: data mapped to 0x725a0bd20000 with size 262144
01-04 02:14:34.018  9338  9385 I AGA     : New SOCKET connection: com.google.android.gms.ui (pid 9338, tid 9385) 0
01-04 02:14:34.018  9338  9385 D HostConnection: HostComposition ext ANDROID_EMU_vulkan ANDROID_EMU_deferred_vulkan_commands ANDROID_EMU_vulkan_create_resources_with_requirements ANDROID_EMU_vulkan_shader_float16_int8 ANDROID_EMU_vulkan_async_queue_submit ANDROID_EMU_vulkan_queue_submit_with_commands ANDROID_EMU_vulkan_batched_descriptor_set_update ANDROID_EMU_vulkan_enabled ANDROID_EMU_vulkan_initialized GL_OES_EGL_image_external_essl3 GL_OES_vertex_array_object GL_KHR_texture_compression_astc_ldr ANDROID_EMU_gles_max_version_3_2 
01-04 02:14:34.023  9338  9385 E EGL_emulation: tid 9385: eglSurfaceAttrib(1726): error 0x3009 (EGL_BAD_MATCH)
01-04 02:14:34.023  9338  9385 W OpenGLRenderer: Failed to set EGL_SWAP_BEHAVIOR on surface 0x725a0c96e680, error=EGL_BAD_MATCH
01-04 02:14:34.025  9338  9385 D EGL_emulation: eglMakeCurrent: 0x725a0c948c00: ver 2 0 (tinfo 0x725a0c875420)
01-04 02:14:34.031  9338  9385 D emuglGLESv2_enc: GL com.google.android.gms.ui ViewportNeedFlush 0
01-04 02:14:34.054  2013  2036 D ActivityManager: onWindowsDrawn: packageName = com.google.android.gms, name = com.google.android.gms.pay.deeplink.AliasSavePkPassActivity, mCallingPackage = com.bluestacks.filemanager
01-04 02:14:34.054  2013  2045 I HCALL   : hcallCommonCommandRpc(5, , )
01-04 02:14:34.054  2013  2045 I VMSG    : getHostBoundBuffer:94 called for hcal
01-04 02:14:34.054  2013  2045 I VMSG    : processRequest:104 called for hcal
01-04 02:14:34.056  2013  8492 D ActivityManager: TopActivityInfo, pkgName: com.google.android.gms activityName: com.google.android.gms/.pay.main.PayActivity callingPackage:   bstSpecialAppKeyboardHandlingEnabled = false
01-04 02:14:34.072  9338  9338 W ActivityThread: handleWindowVisibility: no activity for token android.os.BinderProxy@aac25c9
01-04 02:14:34.101  9338  9338 I .android.gms.u: Rejecting re-init on previously-failed class java.lang.Class<androidx.window.layout.adapter.sidecar.DistinctElementSidecarCallback>: java.lang.NoClassDefFoundError: Failed resolution of: Landroidx/window/sidecar/SidecarInterface$SidecarCallback;
01-04 02:14:34.101  9338  9338 I .android.gms.u:   at java.lang.Class dalvik.system.DexFile.defineClassNative(java.lang.String, java.lang.ClassLoader, java.lang.Object, dalvik.system.DexFile) (DexFile.java:-2)
01-04 02:14:34.101  9338  9338 I .android.gms.u:   at java.lang.Class dalvik.system.DexFile.defineClass(java.lang.String, java.lang.ClassLoader, java.lang.Object, dalvik.system.DexFile, java.util.List) (DexFile.java:283)
01-04 02:14:34.101  9338  9338 I .android.gms.u:   at java.lang.Class dalvik.system.DexFile.loadClassBinaryName(java.lang.String, java.lang.ClassLoader, java.util.List) (DexFile.java:276)
01-04 02:14:34.101  9338  9338 I .android.gms.u:   at java.lang.Class dalvik.system.DexPathList$Element.findClass(java.lang.String, java.lang.ClassLoader, java.util.List) (DexPathList.java:724)
01-04 02:14:34.101  9338  9338 I .android.gms.u:   at java.lang.Class dalvik.system.DexPathList.findClass(java.lang.String, java.util.List) (DexPathList.java:486)
01-04 02:14:34.101  9338  9338 I .android.gms.u:   at java.lang.Class dalvik.system.BaseDexClassLoader.findClass(java.lang.String) (BaseDexClassLoader.java:132)
01-04 02:14:34.101  9338  9338 I .android.gms.u:   at java.lang.Class olx.loadClass(java.lang.String, boolean) (:com.google.android.gms@241017026@24.10.17 (100800-617915183):9)
01-04 02:14:34.101  9338  9338 I .android.gms.u:   at java.lang.Class java.lang.ClassLoader.loadClass(java.lang.String) (ClassLoader.java:312)
01-04 02:14:34.101  9338  9338 I .android.gms.u:   at m.ctk m.ctj.a(android.content.Context) (:com.google.android.gms.optional_pay@241017049@24.10.17 (100800-0):16)
01-04 02:14:34.101  9338  9338 I .android.gms.u:   at void com.google.android.gms.pay.main.PayChimeraActivity.onCreate(android.os.Bundle) (:com.google.android.gms.optional_pay@241017049@24.10.17 (100800-0):101)
01-04 02:14:34.101  9338  9338 I .android.gms.u:   at void oru.public_onCreate(android.os.Bundle) (:com.google.android.gms@241017026@24.10.17 (100800-617915183):1)
01-04 02:14:34.101  9338  9338 I .android.gms.u:   at void ajbu.onCreate(android.os.Bundle) (:com.google.android.gms@241017026@24.10.17 (100800-617915183):4)
01-04 02:14:34.101  9338  9338 I .android.gms.u:   at void android.app.Activity.performCreate(android.os.Bundle, android.os.PersistableBundle) (Activity.java:7185)
01-04 02:14:34.101  9338  9338 I .android.gms.u:   at void android.app.Activity.performCreate(android.os.Bundle) (Activity.java:7176)
01-04 02:14:34.101  9338  9338 I .android.gms.u:   at void android.app.Instrumentation.callActivityOnCreate(android.app.Activity, android.os.Bundle) (Instrumentation.java:1285)
01-04 02:14:34.101  9338  9338 I .android.gms.u:   at android.app.Activity android.app.ActivityThread.performLaunchActivity(android.app.ActivityThread$ActivityClientRecord, android.content.Intent) (ActivityThread.java:2979)
01-04 02:14:34.101  9338  9338 I .android.gms.u:   at android.app.Activity android.app.ActivityThread.handleLaunchActivity(android.app.ActivityThread$ActivityClientRecord, android.app.servertransaction.PendingTransactionActions, android.content.Intent) (ActivityThread.java:3134)
01-04 02:14:34.101  9338  9338 I .android.gms.u:   at void android.app.servertransaction.LaunchActivityItem.execute(android.app.ClientTransactionHandler, android.os.IBinder, android.app.servertransaction.PendingTransactionActions) (LaunchActivityItem.java:78)
01-04 02:14:34.101  9338  9338 I .android.gms.u:   at void android.app.servertransaction.TransactionExecutor.executeCallbacks(android.app.servertransaction.ClientTransaction) (TransactionExecutor.java:108)
01-04 02:14:34.101  9338  9338 I .android.gms.u:   at void android.app.servertransaction.TransactionExecutor.execute(android.app.servertransaction.ClientTransaction) (TransactionExecutor.java:68)
01-04 02:14:34.101  9338  9338 I .android.gms.u:   at void android.app.ActivityThread$H.handleMessage(android.os.Message) (ActivityThread.java:1894)
01-04 02:14:34.101  9338  9338 I .android.gms.u:   at void android.os.Handler.dispatchMessage(android.os.Message) (Handler.java:106)
01-04 02:14:34.101  9338  9338 I .android.gms.u:   at void android.os.Looper.loop() (Looper.java:193)
01-04 02:14:34.101  9338  9338 I .android.gms.u:   at void android.app.ActivityThread.main(java.lang.String[]) (ActivityThread.java:6846)
01-04 02:14:34.101  9338  9338 I .android.gms.u:   at java.lang.Object java.lang.reflect.Method.invoke(java.lang.Object, java.lang.Object[]) (Method.java:-2)
01-04 02:14:34.101  9338  9338 I .android.gms.u:   at void com.android.internal.os.RuntimeInit$MethodAndArgsCaller.run() (RuntimeInit.java:518)
01-04 02:14:34.101  9338  9338 I .android.gms.u:   at void com.android.internal.os.ZygoteInit.main(java.lang.String[]) (ZygoteInit.java:858)
01-04 02:14:34.101  9338  9338 I .android.gms.u: Caused by: java.lang.ClassNotFoundException: Didn't find class "androidx.window.sidecar.SidecarInterface$SidecarCallback" on path: DexPathList[[zip file "/data/user_de/0/com.google.android.gms/app_chimera/m/0000000a/dl-Pay.optional_241017100800.apk"],nativeLibraryDirectories=[/data/user_de/0/com.google.android.gms/app_chimera/m/0000000a/dl-Pay.optional_241017100800.apk!/lib/x86_64, /data/user_de/0/com.google.android.gms/app_chimera/m/0000000a/dl-Pay.optional_241017100800.apk!/lib/arm64-v8a, /system/lib64, /system/vendor/lib64]]
01-04 02:14:34.101  9338  9338 I .android.gms.u:   at java.lang.Class dalvik.system.BaseDexClassLoader.findClass(java.lang.String) (BaseDexClassLoader.java:134)
01-04 02:14:34.101  9338  9338 I .android.gms.u:   at java.lang.Class java.lang.ClassLoader.loadClass(java.lang.String, boolean) (ClassLoader.java:379)
01-04 02:14:34.101  9338  9338 I .android.gms.u:   at java.lang.Class olx.loadClass(java.lang.String, boolean) (:com.google.android.gms@241017026@24.10.17 (100800-617915183):15)
01-04 02:14:34.101  9338  9338 I .android.gms.u:   at java.lang.Class java.lang.ClassLoader.loadClass(java.lang.String) (ClassLoader.java:312)
01-04 02:14:34.101  9338  9338 I .android.gms.u:   at java.lang.Class dalvik.system.DexFile.defineClassNative(java.lang.String, java.lang.ClassLoader, java.lang.Object, dalvik.system.DexFile) (DexFile.java:-2)
01-04 02:14:34.101  9338  9338 I .android.gms.u:   at java.lang.Class dalvik.system.DexFile.defineClass(java.lang.String, java.lang.ClassLoader, java.lang.Object, dalvik.system.DexFile, java.util.List) (DexFile.java:283)
01-04 02:14:34.101  9338  9338 I .android.gms.u:   at java.lang.Class dalvik.system.DexFile.loadClassBinaryName(java.lang.String, java.lang.ClassLoader, java.util.List) (DexFile.java:276)
01-04 02:14:34.101  9338  9338 I .android.gms.u:   at java.lang.Class dalvik.system.DexPathList$Element.findClass(java.lang.String, java.lang.ClassLoader, java.util.List) (DexPathList.java:724)
01-04 02:14:34.101  9338  9338 I .android.gms.u:   at java.lang.Class dalvik.system.DexPathList.findClass(java.lang.String, java.util.List) (DexPathList.java:486)
01-04 02:14:34.101  9338  9338 I .android.gms.u:   at java.lang.Class dalvik.system.BaseDexClassLoader.findClass(java.lang.String) (BaseDexClassLoader.java:132)
01-04 02:14:34.101  9338  9338 I .android.gms.u:   at java.lang.Class olx.loadClass(java.lang.String, boolean) (:com.google.android.gms@241017026@24.10.17 (100800-617915183):9)
01-04 02:14:34.101  9338  9338 I .android.gms.u:   at java.lang.Class java.lang.ClassLoader.loadClass(java.lang.String) (ClassLoader.java:312)
01-04 02:14:34.101  9338  9338 I .android.gms.u:   at m.ctk m.ctj.a(android.content.Context) (:com.google.android.gms.optional_pay@241017049@24.10.17 (100800-0):16)
01-04 02:14:34.101  9338  9338 I .android.gms.u:   at void com.google.android.gms.pay.main.PayChimeraActivity.onCreate(android.os.Bundle) (:com.google.android.gms.optional_pay@241017049@24.10.17 (100800-0):101)
01-04 02:14:34.101  9338  9338 I .android.gms.u:   at void oru.public_onCreate(android.os.Bundle) (:com.google.android.gms@241017026@24.10.17 (100800-617915183):1)
01-04 02:14:34.101  9338  9338 I .android.gms.u:   at void ajbu.onCreate(android.os.Bundle) (:com.google.android.gms@241017026@24.10.17 (100800-617915183):4)
01-04 02:14:34.101  9338  9338 I .android.gms.u:   at void android.app.Activity.performCreate(android.os.Bundle, android.os.PersistableBundle) (Activity.java:7185)
01-04 02:14:34.101  9338  9338 I .android.gms.u:   at void android.app.Activity.performCreate(android.os.Bundle) (Activity.java:7176)
01-04 02:14:34.101  9338  9338 I .android.gms.u:   at void android.app.Instrumentation.callActivityOnCreate(android.app.Activity, android.os.Bundle) (Instrumentation.java:1285)
01-04 02:14:34.101  9338  9338 I .android.gms.u:   at android.app.Activity android.app.ActivityThread.performLaunchActivity(android.app.ActivityThread$ActivityClientRecord, android.content.Intent) (ActivityThread.java:2979)
01-04 02:14:34.101  9338  9338 I .android.gms.u:   at android.app.Activity android.app.ActivityThread.handleLaunchActivity(android.app.ActivityThread$ActivityClientRecord, android.app.servertransaction.PendingTransactionActions, android.content.Intent) (ActivityThread.java:3134)
01-04 02:14:34.101  9338  9338 I .android.gms.u:   at void android.app.servertransaction.LaunchActivityItem.execute(android.app.ClientTransactionHandler, android.os.IBinder, android.app.servertransaction.PendingTransactionActions) (LaunchActivityItem.java:78)
01-04 02:14:34.101  9338  9338 I .android.gms.u:   at void android.app.servertransaction.TransactionExecutor.executeCallbacks(android.app.servertransaction.ClientTransaction) (TransactionExecutor.java:108)
01-04 02:14:34.101  9338  9338 I .android.gms.u:   at void android.app.servertransaction.TransactionExecutor.execute(android.app.servertransaction.ClientTransaction) (TransactionExecutor.java:68)
01-04 02:14:34.101  9338  9338 I .android.gms.u:   at void android.app.ActivityThread$H.handleMessage(android.os.Message) (ActivityThread.java:1894)
01-04 02:14:34.101  9338  9338 I .android.gms.u:   at void android.os.Handler.dispatchMessage(android.os.Message) (Handler.java:106)
01-04 02:14:34.101  9338  9338 I .android.gms.u:   at void android.os.Looper.loop() (Looper.java:193)
01-04 02:14:34.101  9338  9338 I .android.gms.u:   at void android.app.ActivityThread.main(java.lang.String[]) (ActivityThread.java:6846)
01-04 02:14:34.101  9338  9338 I .android.gms.u:   at java.lang.Object java.lang.reflect.Method.invoke(java.lang.Object, java.lang.Object[]) (Method.java:-2)
01-04 02:14:34.101  9338  9338 I .android.gms.u:   at void com.android.internal.os.RuntimeInit$MethodAndArgsCaller.run() (RuntimeInit.java:518)
01-04 02:14:34.101  9338  9338 I .android.gms.u:   at void com.android.internal.os.ZygoteInit.main(java.lang.String[]) (ZygoteInit.java:858)
01-04 02:14:34.101  9338  9338 I .android.gms.u: 
01-04 02:14:34.101  9338  9338 I .android.gms.u: Rejecting re-init on previously-failed class java.lang.Class<androidx.window.layout.adapter.sidecar.DistinctElementSidecarCallback>: java.lang.NoClassDefFoundError: Failed resolution of: Landroidx/window/sidecar/SidecarInterface$SidecarCallback;
01-04 02:14:34.101  9338  9338 I .android.gms.u:   at java.lang.Class dalvik.system.DexFile.defineClassNative(java.lang.String, java.lang.ClassLoader, java.lang.Object, dalvik.system.DexFile) (DexFile.java:-2)
01-04 02:14:34.101  9338  9338 I .android.gms.u:   at java.lang.Class dalvik.system.DexFile.defineClass(java.lang.String, java.lang.ClassLoader, java.lang.Object, dalvik.system.DexFile, java.util.List) (DexFile.java:283)
01-04 02:14:34.101  9338  9338 I .android.gms.u:   at java.lang.Class dalvik.system.DexFile.loadClassBinaryName(java.lang.String, java.lang.ClassLoader, java.util.List) (DexFile.java:276)
01-04 02:14:34.101  9338  9338 I .android.gms.u:   at java.lang.Class dalvik.system.DexPathList$Element.findClass(java.lang.String, java.lang.ClassLoader, java.util.List) (DexPathList.java:724)
01-04 02:14:34.101  9338  9338 I .android.gms.u:   at java.lang.Class dalvik.system.DexPathList.findClass(java.lang.String, java.util.List) (DexPathList.java:486)
01-04 02:14:34.101  9338  9338 I .android.gms.u:   at java.lang.Class dalvik.system.BaseDexClassLoader.findClass(java.lang.String) (BaseDexClassLoader.java:132)
01-04 02:14:34.101  9338  9338 I .android.gms.u:   at java.lang.Class olx.loadClass(java.lang.String, boolean) (:com.google.android.gms@241017026@24.10.17 (100800-617915183):9)
01-04 02:14:34.101  9338  9338 I .android.gms.u:   at java.lang.Class java.lang.ClassLoader.loadClass(java.lang.String) (ClassLoader.java:312)
01-04 02:14:34.101  9338  9338 I .android.gms.u:   at m.ctk m.ctj.a(android.content.Context) (:com.google.android.gms.optional_pay@241017049@24.10.17 (100800-0):16)
01-04 02:14:34.101  9338  9338 I .android.gms.u:   at void com.google.android.gms.pay.main.PayChimeraActivity.onCreate(android.os.Bundle) (:com.google.android.gms.optional_pay@241017049@24.10.17 (100800-0):101)
01-04 02:14:34.101  9338  9338 I .android.gms.u:   at void oru.public_onCreate(android.os.Bundle) (:com.google.android.gms@241017026@24.10.17 (100800-617915183):1)
01-04 02:14:34.101  9338  9338 I .android.gms.u:   at void ajbu.onCreate(android.os.Bundle) (:com.google.android.gms@241017026@24.10.17 (100800-617915183):4)
01-04 02:14:34.101  9338  9338 I .android.gms.u:   at void android.app.Activity.performCreate(android.os.Bundle, android.os.PersistableBundle) (Activity.java:7185)
01-04 02:14:34.101  9338  9338 I .android.gms.u:   at void android.app.Activity.performCreate(android.os.Bundle) (Activity.java:7176)
01-04 02:14:34.101  9338  9338 I .android.gms.u:   at void android.app.Instrumentation.callActivityOnCreate(android.app.Activity, android.os.Bundle) (Instrumentation.java:1285)
01-04 02:14:34.101  9338  9338 I .android.gms.u:   at android.app.Activity android.app.ActivityThread.performLaunchActivity(android.app.ActivityThread$ActivityClientRecord, android.content.Intent) (ActivityThread.java:2979)
01-04 02:14:34.101  9338  9338 I .android.gms.u:   at android.app.Activity android.app.ActivityThread.handleLaunchActivity(android.app.ActivityThread$ActivityClientRecord, android.app.servertransaction.PendingTransactionActions, android.content.Intent) (ActivityThread.java:3134)
01-04 02:14:34.101  9338  9338 I .android.gms.u:   at void android.app.servertransaction.LaunchActivityItem.execute(android.app.ClientTransactionHandler, android.os.IBinder, android.app.servertransaction.PendingTransactionActions) (LaunchActivityItem.java:78)
01-04 02:14:34.101  9338  9338 I .android.gms.u:   at void android.app.servertransaction.TransactionExecutor.executeCallbacks(android.app.servertransaction.ClientTransaction) (TransactionExecutor.java:108)
01-04 02:14:34.101  9338  9338 I .android.gms.u:   at void android.app.servertransaction.TransactionExecutor.execute(android.app.servertransaction.ClientTransaction) (TransactionExecutor.java:68)
01-04 02:14:34.101  9338  9338 I .android.gms.u:   at void android.app.ActivityThread$H.handleMessage(android.os.Message) (ActivityThread.java:1894)
01-04 02:14:34.101  9338  9338 I .android.gms.u:   at void android.os.Handler.dispatchMessage(android.os.Message) (Handler.java:106)
01-04 02:14:34.101  9338  9338 I .android.gms.u:   at void android.os.Looper.loop() (Looper.java:193)
01-04 02:14:34.101  9338  9338 I .android.gms.u:   at void android.app.ActivityThread.main(java.lang.String[]) (ActivityThread.java:6846)
01-04 02:14:34.101  9338  9338 I .android.gms.u:   at java.lang.Object java.lang.reflect.Method.invoke(java.lang.Object, java.lang.Object[]) (Method.java:-2)
01-04 02:14:34.101  9338  9338 I .android.gms.u:   at void com.android.internal.os.RuntimeInit$MethodAndArgsCaller.run() (RuntimeInit.java:518)
01-04 02:14:34.101  9338  9338 I .android.gms.u:   at void com.android.internal.os.ZygoteInit.main(java.lang.String[]) (ZygoteInit.java:858)
01-04 02:14:34.101  9338  9338 I .android.gms.u: Caused by: java.lang.ClassNotFoundException: Didn't find class "androidx.window.sidecar.SidecarInterface$SidecarCallback" on path: DexPathList[[zip file "/data/user_de/0/com.google.android.gms/app_chimera/m/0000000a/dl-Pay.optional_241017100800.apk"],nativeLibraryDirectories=[/data/user_de/0/com.google.android.gms/app_chimera/m/0000000a/dl-Pay.optional_241017100800.apk!/lib/x86_64, /data/user_de/0/com.google.android.gms/app_chimera/m/0000000a/dl-Pay.optional_241017100800.apk!/lib/arm64-v8a, /system/lib64, /system/vendor/lib64]]
01-04 02:14:34.101  9338  9338 I .android.gms.u:   at java.lang.Class dalvik.system.BaseDexClassLoader.findClass(java.lang.String) (BaseDexClassLoader.java:134)
01-04 02:14:34.101  9338  9338 I .android.gms.u:   at java.lang.Class java.lang.ClassLoader.loadClass(java.lang.String, boolean) (ClassLoader.java:379)
01-04 02:14:34.101  9338  9338 I .android.gms.u:   at java.lang.Class olx.loadClass(java.lang.String, boolean) (:com.google.android.gms@241017026@24.10.17 (100800-617915183):15)
01-04 02:14:34.101  9338  9338 I .android.gms.u:   at java.lang.Class java.lang.ClassLoader.loadClass(java.lang.String) (ClassLoader.java:312)
01-04 02:14:34.101  9338  9338 I .android.gms.u:   at java.lang.Class dalvik.system.DexFile.defineClassNative(java.lang.String, java.lang.ClassLoader, java.lang.Object, dalvik.system.DexFile) (DexFile.java:-2)
01-04 02:14:34.101  9338  9338 I .android.gms.u:   at java.lang.Class dalvik.system.DexFile.defineClass(java.lang.String, java.lang.ClassLoader, java.lang.Object, dalvik.system.DexFile, java.util.List) (DexFile.java:283)
01-04 02:14:34.101  9338  9338 I .android.gms.u:   at java.lang.Class dalvik.system.DexFile.loadClassBinaryName(java.lang.String, java.lang.ClassLoader, java.util.List) (DexFile.java:276)
01-04 02:14:34.101  9338  9338 I .android.gms.u:   at java.lang.Class dalvik.system.DexPathList$Element.findClass(java.lang.String, java.lang.ClassLoader, java.util.List) (DexPathList.java:724)
01-04 02:14:34.101  9338  9338 I .android.gms.u:   at java.lang.Class dalvik.system.DexPathList.findClass(java.lang.String, java.util.List) (DexPathList.java:486)
01-04 02:14:34.101  9338  9338 I .android.gms.u:   at java.lang.Class dalvik.system.BaseDexClassLoader.findClass(java.lang.String) (BaseDexClassLoader.java:132)
01-04 02:14:34.101  9338  9338 I .android.gms.u:   at java.lang.Class olx.loadClass(java.lang.String, boolean) (:com.google.android.gms@241017026@24.10.17 (100800-617915183):9)
01-04 02:14:34.101  9338  9338 I .android.gms.u:   at java.lang.Class java.lang.ClassLoader.loadClass(java.lang.String) (ClassLoader.java:312)
01-04 02:14:34.101  9338  9338 I .android.gms.u:   at m.ctk m.ctj.a(android.content.Context) (:com.google.android.gms.optional_pay@241017049@24.10.17 (100800-0):16)
01-04 02:14:34.101  9338  9338 I .android.gms.u:   at void com.google.android.gms.pay.main.PayChimeraActivity.onCreate(android.os.Bundle) (:com.google.android.gms.optional_pay@241017049@24.10.17 (100800-0):101)
01-04 02:14:34.101  9338  9338 I .android.gms.u:   at void oru.public_onCreate(android.os.Bundle) (:com.google.android.gms@241017026@24.10.17 (100800-617915183):1)
01-04 02:14:34.101  9338  9338 I .android.gms.u:   at void ajbu.onCreate(android.os.Bundle) (:com.google.android.gms@241017026@24.10.17 (100800-617915183):4)
01-04 02:14:34.101  9338  9338 I .android.gms.u:   at void android.app.Activity.performCreate(android.os.Bundle, android.os.PersistableBundle) (Activity.java:7185)
01-04 02:14:34.101  9338  9338 I .android.gms.u:   at void android.app.Activity.performCreate(android.os.Bundle) (Activity.java:7176)
01-04 02:14:34.101  9338  9338 I .android.gms.u:   at void android.app.Instrumentation.callActivityOnCreate(android.app.Activity, android.os.Bundle) (Instrumentation.java:1285)
01-04 02:14:34.101  9338  9338 I .android.gms.u:   at android.app.Activity android.app.ActivityThread.performLaunchActivity(android.app.ActivityThread$ActivityClientRecord, android.content.Intent) (ActivityThread.java:2979)
01-04 02:14:34.101  9338  9338 I .android.gms.u:   at android.app.Activity android.app.ActivityThread.handleLaunchActivity(android.app.ActivityThread$ActivityClientRecord, android.app.servertransaction.PendingTransactionActions, android.content.Intent) (ActivityThread.java:3134)
01-04 02:14:34.101  9338  9338 I .android.gms.u:   at void android.app.servertransaction.LaunchActivityItem.execute(android.app.ClientTransactionHandler, android.os.IBinder, android.app.servertransaction.PendingTransactionActions) (LaunchActivityItem.java:78)
01-04 02:14:34.101  9338  9338 I .android.gms.u:   at void android.app.servertransaction.TransactionExecutor.executeCallbacks(android.app.servertransaction.ClientTransaction) (TransactionExecutor.java:108)
01-04 02:14:34.101  9338  9338 I .android.gms.u:   at void android.app.servertransaction.TransactionExecutor.execute(android.app.servertransaction.ClientTransaction) (TransactionExecutor.java:68)
01-04 02:14:34.101  9338  9338 I .android.gms.u:   at void android.app.ActivityThread$H.handleMessage(android.os.Message) (ActivityThread.java:1894)
01-04 02:14:34.101  9338  9338 I .android.gms.u:   at void android.os.Handler.dispatchMessage(android.os.Message) (Handler.java:106)
01-04 02:14:34.101  9338  9338 I .android.gms.u:   at void android.os.Looper.loop() (Looper.java:193)
01-04 02:14:34.101  9338  9338 I .android.gms.u:   at void android.app.ActivityThread.main(java.lang.String[]) (ActivityThread.java:6846)
01-04 02:14:34.101  9338  9338 I .android.gms.u:   at java.lang.Object java.lang.reflect.Method.invoke(java.lang.Object, java.lang.Object[]) (Method.java:-2)
01-04 02:14:34.101  9338  9338 I .android.gms.u:   at void com.android.internal.os.RuntimeInit$MethodAndArgsCaller.run() (RuntimeInit.java:518)
01-04 02:14:34.101  9338  9338 I .android.gms.u:   at void com.android.internal.os.ZygoteInit.main(java.lang.String[]) (ZygoteInit.java:858)
01-04 02:14:34.101  9338  9338 I .android.gms.u: 
01-04 02:14:34.112  2519  2519 D BoundBrokerSvc: onBind: Intent { act=com.google.android.gms.phenotype.service.START dat=chimera-action: cmp=com.google.android.gms/.chimera.PersistentApiService }
01-04 02:14:34.112  2519  2519 D BoundBrokerSvc: Loading bound service for intent: Intent { act=com.google.android.gms.phenotype.service.START dat=chimera-action: cmp=com.google.android.gms/.chimera.PersistentApiService }
01-04 02:14:34.136  9338  9338 W SystemServiceRegistry: No service published for: fingerprint
01-04 02:14:34.137  9338  9338 E NFC     : could not retrieve NFC service
01-04 02:14:34.164  2197  8337 W ziparchive: Unable to open '/data/app/com.omarflex5-UUzewaqI37VgMX6v7Y0Ngw==/base.apk': No such file or directory
01-04 02:14:34.164  2197  8337 E ndroid.systemu: Failed to open APK '/data/app/com.omarflex5-UUzewaqI37VgMX6v7Y0Ngw==/base.apk' I/O error
01-04 02:14:34.164  2197  8337 E ResourcesManager: failed to add asset path /data/app/com.omarflex5-UUzewaqI37VgMX6v7Y0Ngw==/base.apk
01-04 02:14:34.164  2197  8337 W PackageManager: Failure retrieving resources for com.omarflex5
01-04 02:14:34.164  2197  8337 W ziparchive: Unable to open '/data/app/com.omarflex5-UUzewaqI37VgMX6v7Y0Ngw==/base.apk': No such file or directory
01-04 02:14:34.164  2197  8337 E ndroid.systemu: Failed to open APK '/data/app/com.omarflex5-UUzewaqI37VgMX6v7Y0Ngw==/base.apk' I/O error
