01-04 02:14:51.266  2519  2519 D BoundBrokerSvc: onUnbind: Intent { act=com.google.android.gms.phenotype.service.START dat=chimera-action: cmp=com.google.android.gms/.chimera.PersistentApiService }
01-04 02:14:53.592  1830  4201 I audio_hw_primary: choose pcmC0D0p for 0
01-04 02:14:53.593  2013  2024 D InputMethodManagerService: packageName=com.lagradost.cloudstream3, activityName=.MainActivity
01-04 02:14:53.593  2013  2024 D InputMethodManagerService: curAttribute inputType=0, isPassword=false, ime_enabled=false
01-04 02:14:53.593  2013  2045 I HCALL   : hcallCommonCommandRpc(7, , )
01-04 02:14:53.593  2013  2045 I VMSG    : getHostBoundBuffer:94 called for hcal
01-04 02:14:53.593  2013  2045 I VMSG    : processRequest:104 called for hcal
01-04 02:14:53.593  2013  2024 D InputMethodManagerService: ime_enabled = false is same as last value, no change
01-04 02:14:53.663  1842  1988 D AudioFlinger: mixer(0xe7883f80) throttle end: throttle time(30)
01-04 02:14:55.076  2013  3248 D WindowManager: bstSendTopDisplayedOnFocusChange packageName : com.lagradost.cloudstream3  activityName : com.lagradost.cloudstream3.MainActivity  mouseAction  :   lastSentMouseAction : 
01-04 02:14:55.083  1845  1845 D SurfaceFlinger: duplicate layer name: changing com.lagradost.cloudstream3/com.lagradost.cloudstream3.MainActivity to com.lagradost.cloudstream3/com.lagradost.cloudstream3.MainActivity#1
01-04 02:14:55.085  1845  2992 D gralloc_default: gralloc_alloc: Creating ashmem region of size 1556480
01-04 02:14:55.088  1845  2992 I chatty  : uid=1000(system) Binder:1845_5 identical 1 line
01-04 02:14:55.091  1845  2992 D gralloc_default: gralloc_alloc: Creating ashmem region of size 1556480
01-04 02:14:55.095  2013  3248 D InputMethodManagerService: packageName=com.lagradost.cloudstream3, activityName=.MainActivity
01-04 02:14:55.095  2013  3248 D InputMethodManagerService: curAttribute inputType=0, isPassword=false, ime_enabled=false
01-04 02:14:55.095  2013  2045 I HCALL   : hcallCommonCommandRpc(7, , )
01-04 02:14:55.095  2013  2045 I VMSG    : getHostBoundBuffer:94 called for hcal
01-04 02:14:55.095  2013  2045 I VMSG    : processRequest:104 called for hcal
01-04 02:14:55.095  2013  3248 D InputMethodManagerService: ime_enabled = false is same as last value, no change
01-04 02:14:55.099  3378  3873 E EGL_emulation: tid 3873: eglSurfaceAttrib(1726): error 0x3009 (EGL_BAD_MATCH)
01-04 02:14:55.099  3378  3873 W OpenGLRenderer: Failed to set EGL_SWAP_BEHAVIOR on surface 0x725a087fd380, error=EGL_BAD_MATCH
01-04 02:14:55.101  3378  3873 D EGL_emulation: eglMakeCurrent: 0x725a0f2ee000: ver 3 2 (tinfo 0x725a10d436e0)
01-04 02:14:55.125  3378  3873 D EGL_emulation: eglMakeCurrent: 0x725a0f2ee000: ver 3 2 (tinfo 0x725a10d436e0)
01-04 02:14:57.338  2758  2758 D BoundBrokerSvc: onUnbind: Intent { act=com.google.android.gms.measurement.START pkg=com.google.android.gms }
01-04 02:14:57.609  3378  3873 D EGL_emulation: eglMakeCurrent: 0x725a0f2ee000: ver 3 2 (tinfo 0x725a10d436e0)
01-04 02:14:57.701  3378  3873 D EGL_emulation: eglMakeCurrent: 0x725a0f2ee000: ver 3 2 (tinfo 0x725a10d436e0)
01-04 02:14:57.701  3378  3873 D OpenGLRenderer: endAllActiveAnimators on 0x725a02139500 (RippleDrawable) with handle 0x725a0f2bf640
01-04 02:14:57.703  2013  2024 D WindowManager: bstSendTopDisplayedOnFocusChange packageName : com.lagradost.cloudstream3  activityName : com.lagradost.cloudstream3.MainActivity  mouseAction  :   lastSentMouseAction : 
01-04 02:14:57.705  2013  2024 D InputMethodManagerService: packageName=com.lagradost.cloudstream3, activityName=.MainActivity
01-04 02:14:57.705  2013  2024 D InputMethodManagerService: curAttribute inputType=0, isPassword=false, ime_enabled=false
01-04 02:14:57.705  2013  2045 I HCALL   : hcallCommonCommandRpc(7, , )
01-04 02:14:57.705  2013  2045 I VMSG    : getHostBoundBuffer:94 called for hcal
01-04 02:14:57.705  2013  2045 I VMSG    : processRequest:104 called for hcal
01-04 02:14:57.705  2013  2024 D InputMethodManagerService: ime_enabled = false is same as last value, no change
01-04 02:14:57.711  3378  3873 D EGL_emulation: eglMakeCurrent: 0x725a0f2ee000: ver 3 2 (tinfo 0x725a10d436e0)
01-04 02:14:57.858  1845  2992 W SurfaceFlinger: Attempting to set client state on removed layer: com.lagradost.cloudstream3/com.lagradost.cloudstream3.MainActivity#1
01-04 02:14:57.858  1845  2992 W SurfaceFlinger: Attempting to destroy on removed layer: com.lagradost.cloudstream3/com.lagradost.cloudstream3.MainActivity#1
01-04 02:14:58.781  2758  2758 D BoundBrokerSvc: onBind: Intent { act=com.google.android.gms.potokens.service.IntegrityTokenRefreshTaskService.ACTION_TASK_READY dat=chimera-action: cmp=com.google.android.gms/.chimera.GmsInternalBoundBrokerService }
01-04 02:14:58.781  2758  2758 D BoundBrokerSvc: Loading bound service for intent: Intent { act=com.google.android.gms.potokens.service.IntegrityTokenRefreshTaskService.ACTION_TASK_READY dat=chimera-action: cmp=com.google.android.gms/.chimera.GmsInternalBoundBrokerService }
01-04 02:14:58.784  2519  9323 I NetworkScheduler.Stats: (REDACTED) Task %s/%s started execution. cause:%s exec_start_elapsed_seconds: %s
01-04 02:14:58.786  2758  2758 D BoundBrokerSvc: onUnbind: Intent { act=com.google.android.gms.potokens.service.IntegrityTokenRefreshTaskService.ACTION_TASK_READY dat=chimera-action: cmp=com.google.android.gms/.chimera.GmsInternalBoundBrokerService }
01-04 02:14:58.787  2519  9202 I NetworkScheduler.Stats: (REDACTED) Task %s/%s finished executing. cause:%s result: %s elapsed_millis: %s uptime_millis: %s exec_start_elapsed_seconds: %s
01-04 02:15:00.973  2197  2197 D StatusBar: disable<e i a s b h r c s > disable2<q i n >
01-04 02:15:00.993  2197  2487 D EGL_emulation: eglMakeCurrent: 0x725a2fdaf400: ver 3 2 (tinfo 0x725a2fc65080)
01-04 02:15:00.995  1845  2992 D gralloc_default: gralloc_alloc: Creating ashmem region of size 8298496
01-04 02:15:01.008  2197  2487 E EGL_emulation: tid 2487: eglSurfaceAttrib(1726): error 0x3009 (EGL_BAD_MATCH)
01-04 02:15:01.008  2197  2487 W OpenGLRenderer: Failed to set EGL_SWAP_BEHAVIOR on surface 0x725a2fde0200, error=EGL_BAD_MATCH
01-04 02:15:01.009  2197  2487 D EGL_emulation: eglMakeCurrent: 0x725a2fdaf400: ver 3 2 (tinfo 0x725a2fc65080)
01-04 02:15:01.019  1845  2992 D gralloc_default: gralloc_alloc: Creating ashmem region of size 8298496
01-04 02:15:01.039  1845  2992 D gralloc_default: gralloc_alloc: Creating ashmem region of size 8298496
01-04 02:15:01.831  2013  3248 D WindowManager: bstSendTopDisplayedOnFocusChange packageName : com.lagradost.cloudstream3  activityName : com.lagradost.cloudstream3.MainActivity  mouseAction  :   lastSentMouseAction : 
01-04 02:15:01.833  2197  2197 D StatusBar: disable<e i a s b h r c s > disable2<q i n >
01-04 02:15:01.860  2197  2487 D EGL_emulation: eglMakeCurrent: 0x725a2fdaf400: ver 3 2 (tinfo 0x725a2fc65080)
01-04 02:15:01.861  1845  1963 D gralloc_default: gralloc_alloc: Creating ashmem region of size 278528
01-04 02:15:01.871  2197  2487 E EGL_emulation: tid 2487: eglSurfaceAttrib(1726): error 0x3009 (EGL_BAD_MATCH)
01-04 02:15:01.871  2197  2487 W OpenGLRenderer: Failed to set EGL_SWAP_BEHAVIOR on surface 0x725a2fde0200, error=EGL_BAD_MATCH
01-04 02:15:01.872  2197  2487 D EGL_emulation: eglMakeCurrent: 0x725a2fdaf400: ver 3 2 (tinfo 0x725a2fc65080)
01-04 02:15:01.873  1845  1963 D gralloc_default: gralloc_alloc: Creating ashmem region of size 278528
01-04 02:15:01.891  1845  1963 D gralloc_default: gralloc_alloc: Creating ashmem region of size 278528
01-04 02:15:03.760  1830  4201 I audio_hw_primary: choose pcmC0D0p for 0
01-04 02:15:03.767  2013  2024 D WindowManager: bstSendTopDisplayedOnFocusChange packageName : com.lagradost.cloudstream3  activityName : com.lagradost.cloudstream3.MainActivity  mouseAction  :   lastSentMouseAction : 
01-04 02:15:03.778  1845  1845 D SurfaceFlinger: duplicate layer name: changing com.lagradost.cloudstream3/com.lagradost.cloudstream3.MainActivity to com.lagradost.cloudstream3/com.lagradost.cloudstream3.MainActivity#1
01-04 02:15:03.780  1845  2046 D gralloc_default: gralloc_alloc: Creating ashmem region of size 1261568
01-04 02:15:03.783  1845  1963 D gralloc_default: gralloc_alloc: Creating ashmem region of size 1261568
01-04 02:15:03.789  3378  3873 E EGL_emulation: tid 3873: eglSurfaceAttrib(1726): error 0x3009 (EGL_BAD_MATCH)
01-04 02:15:03.789  3378  3873 W OpenGLRenderer: Failed to set EGL_SWAP_BEHAVIOR on surface 0x725a070b6800, error=EGL_BAD_MATCH
01-04 02:15:03.789  1845  1963 D gralloc_default: gralloc_alloc: Creating ashmem region of size 1261568
01-04 02:15:03.795  3378  3873 D EGL_emulation: eglMakeCurrent: 0x725a0f2ee000: ver 3 2 (tinfo 0x725a10d436e0)
01-04 02:15:03.823  1842  1988 D AudioFlinger: mixer(0xe7883f80) throttle end: throttle time(30)
01-04 02:15:03.825  3378  3873 D EGL_emulation: eglMakeCurrent: 0x725a0f2ee000: ver 3 2 (tinfo 0x725a10d436e0)
01-04 02:15:03.949  1864  1890 E storaged: getDiskStats failed with result NOT_SUPPORTED and size 0
01-04 02:15:05.391  3378  3873 I chatty  : uid=10093(com.lagradost.cloudstream3) RenderThread identical 1 line
01-04 02:15:06.676  3378  3873 D EGL_emulation: eglMakeCurrent: 0x725a0f2ee000: ver 3 2 (tinfo 0x725a10d436e0)
01-04 02:15:06.676  3378  3873 D OpenGLRenderer: endAllActiveAnimators on 0x725a0ce3c000 (RippleDrawable) with handle 0x725a07085aa0
01-04 02:15:06.679  3378  8648 I PluginManager: Unloading plugin: /data/user/0/com.lagradost.cloudstream3/files/Extensions/httpsraw.githubusercontent.comalyabroudy1cs3buildsrepo.json.859123176/FaselHDProvider.88718828.cs3
01-04 02:15:06.680  3378  8648 I PluginManager: Unloading plugin: /data/user/0/com.lagradost.cloudstream3/files/Extensions/httpsraw.githubusercontent.comalyabroudy1cs3buildsrepo.json.859123176/oat
01-04 02:15:06.680  3378  8648 W PluginManager: Couldn't find plugin /data/user/0/com.lagradost.cloudstream3/files/Extensions/httpsraw.githubusercontent.comalyabroudy1cs3buildsrepo.json.859123176/oat
01-04 02:15:06.681  2013  3248 D WindowManager: bstSendTopDisplayedOnFocusChange packageName : com.lagradost.cloudstream3  activityName : com.lagradost.cloudstream3.MainActivity  mouseAction  :   lastSentMouseAction : 
01-04 02:15:06.695  3378  3873 D EGL_emulation: eglMakeCurrent: 0x725a0f2ee000: ver 3 2 (tinfo 0x725a10d436e0)
01-04 02:15:06.841  1845  2992 W SurfaceFlinger: Attempting to set client state on removed layer: com.lagradost.cloudstream3/com.lagradost.cloudstream3.MainActivity#1
01-04 02:15:06.841  1845  2992 W SurfaceFlinger: Attempting to set client state on removed layer: Dim Layer for - Task=111#0
01-04 02:15:06.841  1845  2992 W SurfaceFlinger: Attempting to destroy on removed layer: com.lagradost.cloudstream3/com.lagradost.cloudstream3.MainActivity#1
01-04 02:15:06.841  1845  2992 W SurfaceFlinger: Attempting to destroy on removed layer: Dim Layer for - Task=111#0
01-04 02:15:12.186  2292  2375 I VMSG    : processRequest:104 called for gcal
01-04 02:15:12.187  2292  2375 I VMSG    : processRequest:104 called for gcal
01-04 02:15:12.187  2292  2378 I BstGCallService-JNI: gcallSetClipboardTextClbk called
01-04 02:15:12.188  2292  2378 I BstGCallService-JNI: gcallSetClipboardTextClbk called
01-04 02:15:13.076  1830  4201 I audio_hw_primary: choose pcmC0D0p for 0
01-04 02:15:13.084  2013  3248 D WindowManager: bstSendTopDisplayedOnFocusChange packageName : com.lagradost.cloudstream3  activityName : com.lagradost.cloudstream3.MainActivity  mouseAction  :   lastSentMouseAction : 
01-04 02:15:13.095  1845  1845 D SurfaceFlinger: duplicate layer name: changing com.lagradost.cloudstream3/com.lagradost.cloudstream3.MainActivity to com.lagradost.cloudstream3/com.lagradost.cloudstream3.MainActivity#1
01-04 02:15:13.096  1845  2046 D gralloc_default: gralloc_alloc: Creating ashmem region of size 1568768
01-04 02:15:13.099  1845  2046 I chatty  : uid=1000(system) Binder:1845_3 identical 1 line
01-04 02:15:13.101  1845  2046 D gralloc_default: gralloc_alloc: Creating ashmem region of size 1568768
01-04 02:15:13.105  2013  3248 D InputMethodManagerService: packageName=com.lagradost.cloudstream3, activityName=.MainActivity
01-04 02:15:13.105  2013  3248 D InputMethodManagerService: curAttribute inputType=0, isPassword=false, ime_enabled=false
01-04 02:15:13.105  2013  2045 I HCALL   : hcallCommonCommandRpc(7, , )
01-04 02:15:13.105  2013  2045 I VMSG    : getHostBoundBuffer:94 called for hcal
01-04 02:15:13.105  2013  2045 I VMSG    : processRequest:104 called for hcal
01-04 02:15:13.105  2013  3248 D InputMethodManagerService: ime_enabled = false is same as last value, no change
01-04 02:15:13.109  3378  3873 E EGL_emulation: tid 3873: eglSurfaceAttrib(1726): error 0x3009 (EGL_BAD_MATCH)
01-04 02:15:13.109  3378  3873 W OpenGLRenderer: Failed to set EGL_SWAP_BEHAVIOR on surface 0x725a070b6800, error=EGL_BAD_MATCH
01-04 02:15:13.110  3378  3873 D EGL_emulation: eglMakeCurrent: 0x725a0f2ee000: ver 3 2 (tinfo 0x725a10d436e0)
01-04 02:15:13.124  3378  3873 I chatty  : uid=10093(com.lagradost.cloudstream3) RenderThread identical 2 lines
01-04 02:15:13.141  3378  3873 D EGL_emulation: eglMakeCurrent: 0x725a0f2ee000: ver 3 2 (tinfo 0x725a10d436e0)
01-04 02:15:13.143  1842  1988 D AudioFlinger: mixer(0xe7883f80) throttle end: throttle time(30)
01-04 02:15:14.640  3378  3378 D Editor  : mBlink is not initialized, not sending cursor position to host
01-04 02:15:14.642  3378  3873 D EGL_emulation: eglMakeCurrent: 0x725a0f2ee000: ver 3 2 (tinfo 0x725a10d436e0)
01-04 02:15:14.707  2013  2024 D InputMethodManagerService: packageName=com.lagradost.cloudstream3, activityName=.MainActivity
01-04 02:15:14.707  2013  2024 D InputMethodManagerService: curAttribute inputType=17, isPassword=false, ime_enabled=true
01-04 02:15:14.707  2013  2024 D InputMethodManagerService: bstSendSetInputMapperStatusAsync: calling BstHostCallManagerService onTextEditModeChange method, isTextEditMode: true
01-04 02:15:14.707  2013  2045 I HCALL   : hcallCommonCommandRpc(7, , )
01-04 02:15:14.707  2013  2024 D InputMethodManagerService: bstSendSetInputMapperStatusAsync: BstHostCallManagerService onTextEditModeChange method returned: 0
01-04 02:15:14.707  2013  2045 I VMSG    : getHostBoundBuffer:94 called for hcal
01-04 02:15:14.707  2013  2045 I VMSG    : processRequest:104 called for hcal
01-04 02:15:14.707  2013  2045 I HCALL   : hcallOnTextEditModeChangedRpc(1)
01-04 02:15:14.707  2013  2045 I VMSG    : getHostBoundBuffer:94 called for hcal
01-04 02:15:14.707  2013  2045 I VMSG    : processRequest:104 called for hcal
01-04 02:15:14.726  1845  1965 D gralloc_default: gralloc_alloc: Creating ashmem region of size 16384
01-04 02:15:14.728  1845  1965 I chatty  : uid=1000(system) Binder:1845_2 identical 1 line
01-04 02:15:14.729  1845  1965 D gralloc_default: gralloc_alloc: Creating ashmem region of size 16384
01-04 02:15:14.735  3378  3873 E EGL_emulation: tid 3873: eglSurfaceAttrib(1726): error 0x3009 (EGL_BAD_MATCH)
01-04 02:15:14.735  3378  3873 W OpenGLRenderer: Failed to set EGL_SWAP_BEHAVIOR on surface 0x7259fdf46f00, error=EGL_BAD_MATCH
01-04 02:15:14.741  3378  3873 D EGL_emulation: eglMakeCurrent: 0x725a0f2ee000: ver 3 2 (tinfo 0x725a10d436e0)
01-04 02:15:15.076  3378  3873 I chatty  : uid=10093(com.lagradost.cloudstream3) RenderThread identical 1 line
01-04 02:15:15.116  3378  3873 D EGL_emulation: eglMakeCurrent: 0x725a0f2ee000: ver 3 2 (tinfo 0x725a10d436e0)
01-04 02:15:15.241  1845  1965 W SurfaceFlinger: Attempting to set client state on removed layer: PopupWindow:d16b969#0
01-04 02:15:15.241  1845  1965 W SurfaceFlinger: Attempting to destroy on removed layer: PopupWindow:d16b969#0
01-04 02:15:17.336  1830  4201 I audio_hw_primary: choose pcmC0D0p for 0
01-04 02:15:17.337  3378  3873 D EGL_emulation: eglMakeCurrent: 0x725a0f2ee000: ver 3 2 (tinfo 0x725a10d436e0)
01-04 02:15:17.337  3378  3873 D OpenGLRenderer: endAllActiveAnimators on 0x725a07039a00 (RippleDrawable) with handle 0x725a070854a0
01-04 02:15:17.339  2013  3248 D WindowManager: bstSendTopDisplayedOnFocusChange packageName : com.lagradost.cloudstream3  activityName : com.lagradost.cloudstream3.MainActivity  mouseAction  :   lastSentMouseAction : 
01-04 02:15:17.342  2013  3248 D InputMethodManagerService: packageName=com.lagradost.cloudstream3, activityName=.MainActivity
01-04 02:15:17.342  2013  3248 D InputMethodManagerService: curAttribute inputType=17, isPassword=false, ime_enabled=false
01-04 02:15:17.342  2013  3248 D InputMethodManagerService: bstSendSetInputMapperStatusAsync: calling BstHostCallManagerService onTextEditModeChange method, isTextEditMode: false
01-04 02:15:17.342  2013  3248 D InputMethodManagerService: bstSendSetInputMapperStatusAsync: BstHostCallManagerService onTextEditModeChange method returned: 0
01-04 02:15:17.342  2013  2045 I HCALL   : hcallCommonCommandRpc(7, , )
01-04 02:15:17.342  2013  2045 I VMSG    : getHostBoundBuffer:94 called for hcal
01-04 02:15:17.342  2013  2045 I VMSG    : processRequest:104 called for hcal
01-04 02:15:17.342  2013  2045 I HCALL   : hcallOnTextEditModeChangedRpc(0)
01-04 02:15:17.342  2013  2045 I VMSG    : getHostBoundBuffer:94 called for hcal
01-04 02:15:17.342  2013  2045 I VMSG    : processRequest:104 called for hcal
01-04 02:15:17.361  3378  3873 D EGL_emulation: eglMakeCurrent: 0x725a0f2ee000: ver 3 2 (tinfo 0x725a10d436e0)
01-04 02:15:17.403  1842  1988 D AudioFlinger: mixer(0xe7883f80) throttle end: throttle time(30)
01-04 02:15:17.415  2013  3248 D WindowManager: bstSendTopDisplayedOnFocusChange packageName : com.lagradost.cloudstream3  activityName : com.lagradost.cloudstream3.MainActivity  mouseAction  :   lastSentMouseAction : 
01-04 02:15:17.426  1845  1845 D SurfaceFlinger: duplicate layer name: changing com.lagradost.cloudstream3/com.lagradost.cloudstream3.MainActivity to com.lagradost.cloudstream3/com.lagradost.cloudstream3.MainActivity#2
01-04 02:15:17.428  1845  1965 D gralloc_default: gralloc_alloc: Creating ashmem region of size 1269760
01-04 02:15:17.430  1845  1965 I chatty  : uid=1000(system) Binder:1845_2 identical 1 line
01-04 02:15:17.432  1845  1965 D gralloc_default: gralloc_alloc: Creating ashmem region of size 1269760
01-04 02:15:17.441  3378  3873 E EGL_emulation: tid 3873: eglSurfaceAttrib(1726): error 0x3009 (EGL_BAD_MATCH)
01-04 02:15:17.441  3378  3873 W OpenGLRenderer: Failed to set EGL_SWAP_BEHAVIOR on surface 0x725a02163680, error=EGL_BAD_MATCH
01-04 02:15:17.445  3378  3873 D EGL_emulation: eglMakeCurrent: 0x725a0f2ee000: ver 3 2 (tinfo 0x725a10d436e0)
01-04 02:15:17.447  3378  3873 D EGL_emulation: eglMakeCurrent: 0x725a0f2ee000: ver 3 2 (tinfo 0x725a10d436e0)
01-04 02:15:17.449  1845  1845 D SurfaceFlinger: duplicate layer name: changing Dim Layer for - Task=111 to Dim Layer for - Task=111#1
01-04 02:15:17.458  3378  3873 D EGL_emulation: eglMakeCurrent: 0x725a0f2ee000: ver 3 2 (tinfo 0x725a10d436e0)
01-04 02:15:17.460  3378  3873 D EGL_emulation: eglMakeCurrent: 0x725a0f2ee000: ver 3 2 (tinfo 0x725a10d436e0)
01-04 02:15:17.491  1845  1965 W SurfaceFlinger: Attempting to set client state on removed layer: com.lagradost.cloudstream3/com.lagradost.cloudstream3.MainActivity#1
01-04 02:15:17.491  1845  1965 W SurfaceFlinger: Attempting to destroy on removed layer: com.lagradost.cloudstream3/com.lagradost.cloudstream3.MainActivity#1
01-04 02:15:17.508  1845  2046 W SurfaceFlinger: Attempting to set client state on removed layer: Dim Layer for - Task=111#0
01-04 02:15:17.508  1845  2046 W SurfaceFlinger: Attempting to destroy on removed layer: Dim Layer for - Task=111#0
01-04 02:15:19.046  3378  3873 D EGL_emulation: eglMakeCurrent: 0x725a0f2ee000: ver 3 2 (tinfo 0x725a10d436e0)
01-04 02:15:19.441  3378  3378 I NavComponent: Navigating to fragment: 2131362288
01-04 02:15:19.443  2013  2024 D InputMethodManagerService: packageName=com.lagradost.cloudstream3, activityName=.MainActivity
01-04 02:15:19.443  2013  2024 D InputMethodManagerService: curAttribute inputType=0, isPassword=false, ime_enabled=false
01-04 02:15:19.443  2013  2045 I HCALL   : hcallCommonCommandRpc(7, , )
01-04 02:15:19.443  2013  2045 I VMSG    : getHostBoundBuffer:94 called for hcal
01-04 02:15:19.443  2013  2045 I VMSG    : processRequest:104 called for hcal
01-04 02:15:19.443  2013  2024 D InputMethodManagerService: ime_enabled = false is same as last value, no change
01-04 02:15:19.444  3378  3873 D EGL_emulation: eglMakeCurrent: 0x725a0f2ee000: ver 3 2 (tinfo 0x725a10d436e0)
01-04 02:15:19.445  3378  3873 D OpenGLRenderer: endAllActiveAnimators on 0x7259fdef8e00 (RippleDrawable) with handle 0x725a09094480
01-04 02:15:19.446  2013  2024 D WindowManager: bstSendTopDisplayedOnFocusChange packageName : com.lagradost.cloudstream3  activityName : com.lagradost.cloudstream3.MainActivity  mouseAction  :   lastSentMouseAction : 
01-04 02:15:19.465  3378  3378 I PLG     : updatePluginList = https://raw.githubusercontent.com/alyabroudy1/cs3/builds/repo.json
01-04 02:15:19.465  3378  3378 I PLG     : getPlugins = https://raw.githubusercontent.com/alyabroudy1/cs3/builds/repo.json
01-04 02:15:19.482  3378  3873 D EGL_emulation: eglMakeCurrent: 0x725a0f2ee000: ver 3 2 (tinfo 0x725a10d436e0)
01-04 02:15:19.506  3378  3378 E CoilImgLoader: Error loading image: coil3.network.HttpException: HTTP 404
01-04 02:15:19.533  3378  3378 E CoilImgLoader: Error loading image: coil3.network.HttpException: HTTP 404
01-04 02:15:19.608  1845  2992 W SurfaceFlinger: Attempting to set client state on removed layer: com.lagradost.cloudstream3/com.lagradost.cloudstream3.MainActivity#2
01-04 02:15:19.608  1845  2992 W SurfaceFlinger: Attempting to destroy on removed layer: com.lagradost.cloudstream3/com.lagradost.cloudstream3.MainActivity#2
01-04 02:15:19.624  1845  2992 W SurfaceFlinger: Attempting to set client state on removed layer: Dim Layer for - Task=111#1
01-04 02:15:19.624  1845  2992 W SurfaceFlinger: Attempting to destroy on removed layer: Dim Layer for - Task=111#1
01-04 02:15:21.741  3378  8645 I PLG     : handlePluginAction = https://raw.githubusercontent.com/alyabroudy1/cs3/builds/repo.json, (https://raw.githubusercontent.com/alyabroudy1/cs3/builds/repo.json, SitePlugin(url=https://raw.githubusercontent.com/alyabroudy1/cs3/builds/FaselHDProvider.cs3, status=1, version=7, apiVersion=1, name=FaselHDProvider, internalName=FaselHDProvider, authors=[ImZaw], description=Watch Arabic movies and series from FaselHD, repositoryUrl=https://github.com/alyabroudy1/cs3, tvTypes=[TvSeries, Movie, Anime, AsianDrama], language=ar, iconUrl=https://www.google.com/s2/favicons?domain=faselhd.io&sz=%size%, fileSize=17791)), false
01-04 02:15:21.742  3378  8645 D PluginManager: Downloading plugin: https://raw.githubusercontent.com/alyabroudy1/cs3/builds/FaselHDProvider.cs3 to /data/user/0/com.lagradost.cloudstream3/files/Extensions/httpsraw.githubusercontent.comalyabroudy1cs3buildsrepo.json.859123176/FaselHDProvider.88718828.cs3
01-04 02:15:21.892  3378  8645 I PluginManager: Unloading plugin: /data/user/0/com.lagradost.cloudstream3/files/Extensions/httpsraw.githubusercontent.comalyabroudy1cs3buildsrepo.json.859123176/FaselHDProvider.88718828.cs3
01-04 02:15:21.892  3378  8645 W PluginManager: Couldn't find plugin /data/user/0/com.lagradost.cloudstream3/files/Extensions/httpsraw.githubusercontent.comalyabroudy1cs3buildsrepo.json.859123176/FaselHDProvider.88718828.cs3
01-04 02:15:21.893  3378  8645 I PluginManager: Loading plugin: PluginData(internalName=FaselHDProvider, url=https://raw.githubusercontent.com/alyabroudy1/cs3/builds/FaselHDProvider.cs3, isOnline=true, filePath=/data/user/0/com.lagradost.cloudstream3/files/Extensions/httpsraw.githubusercontent.comalyabroudy1cs3buildsrepo.json.859123176/FaselHDProvider.88718828.cs3, version=-2147483648)
01-04 02:15:21.996  9458  9458 W dex2oat : Unexpected CPU variant for X86 using defaults: x86_64
01-04 02:15:21.997  9458  9458 I dex2oat : The ClassLoaderContext is a special shared library.
01-04 02:15:22.001  9458  9458 I dex2oat : /system/bin/dex2oat --dex-file=/data/user/0/com.lagradost.cloudstream3/files/Extensions/httpsraw.githubusercontent.comalyabroudy1cs3buildsrepo.json.859123176/FaselHDProvider.88718828.cs3 --output-vdex-fd=115 --oat-fd=116 --oat-location=/data/user/0/com.lagradost.cloudstream3/files/Extensions/httpsraw.githubusercontent.comalyabroudy1cs3buildsrepo.json.859123176/oat/x86_64/FaselHDProvider.88718828.odex --compiler-filter=quicken --class-loader-context=&
01-04 02:15:22.087  9458  9458 I dex2oat : dex2oat took 94.650ms (35.082ms cpu) (threads: 4) arena alloc=37KB (38456B) java alloc=64KB (65552B) native alloc=1125KB (1152528B) free=2MB (3041776B)
01-04 02:15:22.091  3378  8645 I st.cloudstream: The ClassLoaderContext is a special shared library.
01-04 02:15:22.105  3378  8645 I PluginInstance: Adding FaselHD (https://www.faselhds.biz) MainAPI
01-04 02:15:22.105  3378  8645 I PluginManager: Loaded plugin FaselHDProvider successfully
01-04 02:15:22.106  3378  8645 I PLG     : getPlugins = https://raw.githubusercontent.com/alyabroudy1/cs3/builds/repo.json
01-04 02:15:22.106  3378  3378 I COMPACT : showToast = Plugin Loaded
01-04 02:15:22.119  2013  2024 I NotificationService: cancelToast pkg=com.lagradost.cloudstream3 callback=android.app.ITransientNotification$Stub$Proxy@671dc29
01-04 02:15:22.119  2013  2024 W NotificationService: Toast already cancelled. pkg=com.lagradost.cloudstream3 callback=android.app.ITransientNotification$Stub$Proxy@671dc29
01-04 02:15:22.132  1845  2046 D gralloc_default: gralloc_alloc: Creating ashmem region of size 81920
01-04 02:15:22.134  1845  2046 I chatty  : uid=1000(system) Binder:1845_3 identical 1 line
01-04 02:15:22.135  1845  2046 D gralloc_default: gralloc_alloc: Creating ashmem region of size 81920
01-04 02:15:22.141  3378  3873 E EGL_emulation: tid 3873: eglSurfaceAttrib(1726): error 0x3009 (EGL_BAD_MATCH)
01-04 02:15:22.141  3378  3873 W OpenGLRenderer: Failed to set EGL_SWAP_BEHAVIOR on surface 0x7259fde2fe00, error=EGL_BAD_MATCH
01-04 02:15:22.145  3378  3873 D EGL_emulation: eglMakeCurrent: 0x725a0f2ee000: ver 3 2 (tinfo 0x725a10d436e0)
01-04 02:15:22.147  3378  3873 D EGL_emulation: eglMakeCurrent: 0x725a0f2ee000: ver 3 2 (tinfo 0x725a10d436e0)
01-04 02:15:22.159  3378  3378 E CoilImgLoader: Error loading image: coil3.network.HttpException: HTTP 404
01-04 02:15:23.710  2013  5640 D InputMethodManagerService: packageName=com.lagradost.cloudstream3, activityName=.MainActivity
01-04 02:15:23.710  2013  5640 D InputMethodManagerService: curAttribute inputType=0, isPassword=false, ime_enabled=false
01-04 02:15:23.710  2013  2045 I HCALL   : hcallCommonCommandRpc(7, , )
01-04 02:15:23.710  2013  5640 D InputMethodManagerService: ime_enabled = false is same as last value, no change
01-04 02:15:23.710  2013  2045 I VMSG    : getHostBoundBuffer:94 called for hcal
01-04 02:15:23.710  2013  2045 I VMSG    : processRequest:104 called for hcal
01-04 02:15:23.765  3378  3393 W System  : A resource failed to call close. 
01-04 02:15:23.765  3378  3393 W System  : A resource failed to call close. 
01-04 02:15:24.116  2013  5640 W NotificationService: Toast already killed. pkg=com.lagradost.cloudstream3 callback=android.app.ITransientNotification$Stub$Proxy@e1c5747
01-04 02:15:24.641  1845  2046 W SurfaceFlinger: Attempting to destroy on removed layer: af20d4f Toast#0
01-04 02:15:25.622  2013  2036 W WindowManager: Unable to start animation, surface is null or no children.
01-04 02:15:29.770  3378  3468 W st.cloudstream: Checksum mismatch for dex FaselHDProvider.88718828.cs3
01-04 02:15:29.770  3378  3468 W st.cloudstream: Checksum mismatch for dex FaselHDProvider.88718828.cs3
01-04 02:15:29.781  3378  3468 W st.cloudstream: Couldn't lock the profile file /data/user/0/com.lagradost.cloudstream3/files/Extensions/httpsraw.githubusercontent.comalyabroudy1cs3buildsrepo.json.859123176/oat/MyCimaProvider.-1155468169.cs3.cur.prof: Failed to open file '/data/user/0/com.lagradost.cloudstream3/files/Extensions/httpsraw.githubusercontent.comalyabroudy1cs3buildsrepo.json.859123176/oat/MyCimaProvider.-1155468169.cs3.cur.prof': No such file or directory
01-04 02:15:29.781  3378  3468 W st.cloudstream: Could not forcefully load profile /data/user/0/com.lagradost.cloudstream3/files/Extensions/httpsraw.githubusercontent.comalyabroudy1cs3buildsrepo.json.859123176/oat/MyCimaProvider.-1155468169.cs3.cur.prof
01-04 02:15:35.126  2013  2013 W WindowManager: removeWindowToken: Attempted to remove non-existing token: android.os.Binder@52514f3
01-04 02:15:58.798  2758  2758 D BoundBrokerSvc: onBind: Intent { act=com.google.android.gms.potokens.service.IntegrityTokenRefreshTaskService.ACTION_TASK_READY dat=chimera-action: cmp=com.google.android.gms/.chimera.GmsInternalBoundBrokerService }
01-04 02:15:58.798  2758  2758 D BoundBrokerSvc: Loading bound service for intent: Intent { act=com.google.android.gms.potokens.service.IntegrityTokenRefreshTaskService.ACTION_TASK_READY dat=chimera-action: cmp=com.google.android.gms/.chimera.GmsInternalBoundBrokerService }
01-04 02:15:58.799  2519  9323 I NetworkScheduler.Stats: (REDACTED) Task %s/%s started execution. cause:%s exec_start_elapsed_seconds: %s
01-04 02:15:58.801  2519  9449 I NetworkScheduler.Stats: (REDACTED) Task %s/%s finished executing. cause:%s result: %s elapsed_millis: %s uptime_millis: %s exec_start_elapsed_seconds: %s
01-04 02:15:58.804  2758  2758 D BoundBrokerSvc: onUnbind: Intent { act=com.google.android.gms.potokens.service.IntegrityTokenRefreshTaskService.ACTION_TASK_READY dat=chimera-action: cmp=com.google.android.gms/.chimera.GmsInternalBoundBrokerService }
01-04 02:16:03.950  1864  1890 E storaged: getDiskStats failed with result NOT_SUPPORTED and size 0
01-04 02:16:58.819  2758  2758 D BoundBrokerSvc: onBind: Intent { act=com.google.android.gms.potokens.service.IntegrityTokenRefreshTaskService.ACTION_TASK_READY dat=chimera-action: cmp=com.google.android.gms/.chimera.GmsInternalBoundBrokerService }
01-04 02:16:58.819  2758  2758 D BoundBrokerSvc: Loading bound service for intent: Intent { act=com.google.android.gms.potokens.service.IntegrityTokenRefreshTaskService.ACTION_TASK_READY dat=chimera-action: cmp=com.google.android.gms/.chimera.GmsInternalBoundBrokerService }
01-04 02:16:58.821  2519  9470 I NetworkScheduler.Stats: (REDACTED) Task %s/%s started execution. cause:%s exec_start_elapsed_seconds: %s
01-04 02:16:58.822  2519  9323 I NetworkScheduler.Stats: (REDACTED) Task %s/%s finished executing. cause:%s result: %s elapsed_millis: %s uptime_millis: %s exec_start_elapsed_seconds: %s
01-04 02:16:58.822  2758  2758 D BoundBrokerSvc: onUnbind: Intent { act=com.google.android.gms.potokens.service.IntegrityTokenRefreshTaskService.ACTION_TASK_READY dat=chimera-action: cmp=com.google.android.gms/.chimera.GmsInternalBoundBrokerService }
01-04 02:17:03.951  1864  1890 E storaged: getDiskStats failed with result NOT_SUPPORTED and size 0
01-04 02:17:12.785  3147  3260 I Finsky  : [115] Stats for Executor: BlockingExecutor uxm@5a97da9[Running, pool size = 0, active threads = 0, queued tasks = 0, completed tasks = 46]
01-04 02:17:12.792  3147  3260 I Finsky  : [115] Stats for Executor: LightweightExecutor uxm@72a2f2e[Running, pool size = 3, active threads = 0, queued tasks = 0, completed tasks = 243]
01-04 02:17:12.793  3147  3260 I Finsky  : [115] Stats for Executor: bgExecutor uxm@2ea4acf[Running, pool size = 4, active threads = 0, queued tasks = 0, completed tasks = 454]
01-04 02:17:14.924  3147  3260 I Finsky  : [115] Stats for Executor: GrpcBackgroundExecutor uxm@ba71c5c[Running, pool size = 1, active threads = 0, queued tasks = 0, completed tasks = 1]
01-04 02:17:23.749  3378  9482 D ApiError: -------------------------------------------------------------------
01-04 02:17:23.749  3378  9482 D ApiError: safeApiCall: Timed out waiting for 120000 ms
01-04 02:17:23.749  3378  9482 D ApiError: safeApiCall: Timed out waiting for 120000 ms
01-04 02:17:23.750  3378  9482 W System.err: kotlinx.coroutines.TimeoutCancellationException: Timed out waiting for 120000 ms
01-04 02:17:23.752  3378  9482 W System.err: 	at kotlinx.coroutines.TimeoutKt.TimeoutCancellationException(Timeout.kt:189)
01-04 02:17:23.752  3378  9482 W System.err: 	at kotlinx.coroutines.TimeoutCoroutine.run(Timeout.kt:157)
01-04 02:17:23.752  3378  9482 W System.err: 	at kotlinx.coroutines.EventLoopImplBase$DelayedRunnableTask.run(EventLoop.common.kt:505)
01-04 02:17:23.752  3378  9482 W System.err: 	at kotlinx.coroutines.EventLoopImplBase.processNextEvent(EventLoop.common.kt:263)
01-04 02:17:23.752  3378  9482 W System.err: 	at kotlinx.coroutines.DefaultExecutor.run(DefaultExecutor.kt:105)
01-04 02:17:23.752  3378  9482 W System.err: 	at java.lang.Thread.run(Thread.java:764)
01-04 02:17:23.752  3378  9482 D ApiError: -------------------------------------------------------------------
01-04 02:17:34.905  9338  9381 W .android.gms.u: Verification of void crxk.<clinit>() took 336.120ms
01-04 02:17:35.684  9338  9381 W .android.gms.u: Verification of albd crxh.b(android.content.Context, android.os.Looper, alyn, java.lang.Object, albt, albu) took 779.352ms
01-04 02:17:35.952  9338  9381 W .android.gms.u: Verification of void crxj.<init>() took 267.150ms
01-04 02:17:36.508  9338  9389 W .android.gms.u: Verification of android.os.IInterface cryo.b(android.os.IBinder) took 334.786ms
01-04 02:17:36.559  9338  9381 W .android.gms.u: Verification of void crws.d(java.lang.Object, java.lang.Object) took 386.793ms
01-04 02:17:36.880  9338  9389 W .android.gms.u: Verification of void cryo.s(cryc, cryc, alcz) took 319.754ms
01-04 02:17:36.952  9338  9381 W .android.gms.u: Verification of void com.google.android.gms.common.internal.RootTelemetryConfiguration.<clinit>() took 259.077ms
01-04 02:17:37.526  9338  9389 W .android.gms.u: Verification of void cryo.t(java.lang.String, elgp, java.lang.String, int[], int, akgf, akey, android.content.Context, com.google.android.gms.usagereporting.ConsentInformation, cpsl) took 645.931ms
01-04 02:17:38.964  9338  9389 W .android.gms.u: Verification of boolean crxz.gY(int, android.os.Parcel, android.os.Parcel) took 340.657ms
01-04 02:17:39.362  9338  9362 W .android.gms.u: Verification of void com.google.android.gms.usagereporting.UsageReportingOptInOptions.<clinit>() took 248.941ms
01-04 02:17:39.829  9338  9362 W .android.gms.u: Verification of java.util.List alce.f() took 465.988ms
01-04 02:17:40.086  9338  9362 W .android.gms.u: Verification of java.lang.String alce.g() took 256.695ms
01-04 02:17:40.808  9338  9381 I GMS_MM_Logger: Memory Metric Logging not allowed. Stopping.
01-04 02:17:58.837  2758  2758 D BoundBrokerSvc: onBind: Intent { act=com.google.android.gms.potokens.service.IntegrityTokenRefreshTaskService.ACTION_TASK_READY dat=chimera-action: cmp=com.google.android.gms/.chimera.GmsInternalBoundBrokerService }
01-04 02:17:58.837  2758  2758 D BoundBrokerSvc: Loading bound service for intent: Intent { act=com.google.android.gms.potokens.service.IntegrityTokenRefreshTaskService.ACTION_TASK_READY dat=chimera-action: cmp=com.google.android.gms/.chimera.GmsInternalBoundBrokerService }
01-04 02:17:58.839  2519  9470 I NetworkScheduler.Stats: (REDACTED) Task %s/%s started execution. cause:%s exec_start_elapsed_seconds: %s
01-04 02:17:58.841  2519  9323 I NetworkScheduler.Stats: (REDACTED) Task %s/%s finished executing. cause:%s result: %s elapsed_millis: %s uptime_millis: %s exec_start_elapsed_seconds: %s
01-04 02:17:58.841  2758  2758 D BoundBrokerSvc: onUnbind: Intent { act=com.google.android.gms.potokens.service.IntegrityTokenRefreshTaskService.ACTION_TASK_READY dat=chimera-action: cmp=com.google.android.gms/.chimera.GmsInternalBoundBrokerService }
01-04 02:18:03.951  1864  1890 E storaged: getDiskStats failed with result NOT_SUPPORTED and size 0
01-04 02:18:58.856  2758  2758 D BoundBrokerSvc: onBind: Intent { act=com.google.android.gms.potokens.service.IntegrityTokenRefreshTaskService.ACTION_TASK_READY dat=chimera-action: cmp=com.google.android.gms/.chimera.GmsInternalBoundBrokerService }
01-04 02:18:58.856  2758  2758 D BoundBrokerSvc: Loading bound service for intent: Intent { act=com.google.android.gms.potokens.service.IntegrityTokenRefreshTaskService.ACTION_TASK_READY dat=chimera-action: cmp=com.google.android.gms/.chimera.GmsInternalBoundBrokerService }
01-04 02:18:58.857  2519  9489 I NetworkScheduler.Stats: (REDACTED) Task %s/%s started execution. cause:%s exec_start_elapsed_seconds: %s
01-04 02:18:58.858  2758  2758 D BoundBrokerSvc: onUnbind: Intent { act=com.google.android.gms.potokens.service.IntegrityTokenRefreshTaskService.ACTION_TASK_READY dat=chimera-action: cmp=com.google.android.gms/.chimera.GmsInternalBoundBrokerService }
01-04 02:18:58.860  2519  9323 I NetworkScheduler.Stats: (REDACTED) Task %s/%s finished executing. cause:%s result: %s elapsed_millis: %s uptime_millis: %s exec_start_elapsed_seconds: %s
01-04 02:19:03.951  1864  1890 E storaged: getDiskStats failed with result NOT_SUPPORTED and size 0
01-04 02:19:47.692  2519  9504 I CastDatabase: Saving the database
01-04 02:19:47.699  2519  9504 I SQLiteCastStore: [CastNetworkInfo] saved: 0, skipped: 0, [CastDeviceInfo]: saved 0, skipped 0, [Paired Guest Mode DeviceInfo] saved: 0, skipped: 0. [ProbedNetworks]: saved 0, skipped: 0, [ProbedSocketAddress]: saved 0, skipped: 0, [Network-Device pairs]: saved: 0
01-04 02:19:58.871  2758  2758 D BoundBrokerSvc: onBind: Intent { act=com.google.android.gms.potokens.service.IntegrityTokenRefreshTaskService.ACTION_TASK_READY dat=chimera-action: cmp=com.google.android.gms/.chimera.GmsInternalBoundBrokerService }
01-04 02:19:58.871  2758  2758 D BoundBrokerSvc: Loading bound service for intent: Intent { act=com.google.android.gms.potokens.service.IntegrityTokenRefreshTaskService.ACTION_TASK_READY dat=chimera-action: cmp=com.google.android.gms/.chimera.GmsInternalBoundBrokerService }
01-04 02:19:58.872  2519  9504 I NetworkScheduler.Stats: (REDACTED) Task %s/%s started execution. cause:%s exec_start_elapsed_seconds: %s
01-04 02:19:58.874  2519  9489 I NetworkScheduler.Stats: (REDACTED) Task %s/%s finished executing. cause:%s result: %s elapsed_millis: %s uptime_millis: %s exec_start_elapsed_seconds: %s
01-04 02:19:58.874  2758  2758 D BoundBrokerSvc: onUnbind: Intent { act=com.google.android.gms.potokens.service.IntegrityTokenRefreshTaskService.ACTION_TASK_READY dat=chimera-action: cmp=com.google.android.gms/.chimera.GmsInternalBoundBrokerService }
01-04 02:20:03.952  1864  1890 E storaged: getDiskStats failed with result NOT_SUPPORTED and size 0
01-04 02:20:11.083  2519  9489 I .gms.persisten: Explicit concurrent copying GC freed 170446(8MB) AllocSpace objects, 10(220KB) LOS objects, 49% free, 14MB/29MB, paused 45us total 152.375ms
01-04 02:20:14.365  2758  8198 I gle.android.gm: Explicit concurrent copying GC freed 46949(2MB) AllocSpace objects, 0(0B) LOS objects, 50% free, 18MB/37MB, paused 81us total 117.282ms
